var textarea = $('.term');
var speed = 50; //Writing speed in milliseconds
var text = 'sh Bunjin_toYodo.sh';

var i = 0;

runner();

function runner() {
  textarea.append(text.charAt(i));
  i++;
  setTimeout(
    function() {
      if (i < text.length)
        runner();
      else {
        textarea.append("<br>")
        i = 0;
        setTimeout(function() {feedbacker();}, 1000);
      }
    }, Math.floor(Math.random() * 220) + 50);
}

var count = 0;
var time = 1;
function feedbacker() {
  textarea.append("[    " + count / 1000 + "] " + output[i] + "<br>");
  if (time % 2 == 0) {
    i++;
    textarea.append("[    " + count / 1000 + "] " + output[i] + "<br>");
  }
  if (time == 3) {
    i++;
    textarea.append("[    " + count / 1000 + "] " + output[i] + "<br>");
    i++;
    textarea.append("[    " + count / 1000 + "] " + output[i] + "<br>");
    i++;
    textarea.append("[    " + count / 1000 + "] " + output[i] + "<br>");
  }
  
  // 自動スクロールの実装
  textarea.scrollTop(textarea.prop('scrollHeight'));
  
  i++;
  time = Math.floor(Math.random() * 4) + 1;
  count += time;
  setTimeout(
    function() {
      if (i < output.length - 2)
        feedbacker();
      else {
        textarea.append("<br>Initialising...<br>");
        setTimeout(function() {}, 500);
      }
    },time);
}

var output = ["CPU0 microcode updated early to revision 0x1b, date = 2014-05-29",
"Initializing cgroup subsys cpuset",
"Initializing cgroup subsys cpu",
"Initializing cgroup subsys cpuacct",
"Command line: BOOT_IMAGE=/vmlinuz-3.19.0-21-generic.efi.signed root=UUID=14ac372e-6980-4fe8-b247-fae92d54b0c5 ro quiet splash acpi_enforce_resources=lax intel_pstate=enable rcutree.rcu_idle_gp_delay=1 nouveau.runpm=0 vt.handoff=7",
"KERNEL supported cpus:",
"  Intel GenuineIntel",
"  AMD AuthenticAMD",
"  Centaur CentaurHauls",
"e820: BIOS-provided physical RAM map:",
"BIOS-e820: [mem 0x0000000000000000-0x000000000009dfff] usable",
"BIOS-e820: [mem 0x000000000009e000-0x000000000009ffff] reserved",
"BIOS-e820: [mem 0x0000000000100000-0x000000001fffffff] usable",
"BIOS-e820: [mem 0x0000000020000000-0x00000000201fffff] reserved",
"BIOS-e820: [mem 0x0000000020200000-0x0000000040003fff] usable",
"BIOS-e820: [mem 0x0000000040004000-0x0000000040004fff] reserved",
"BIOS-e820: [mem 0x0000000040005000-0x00000000c9746fff] usable",
"BIOS-e820: [mem 0x00000000c9747000-0x00000000c9d47fff] ACPI NVS",
"BIOS-e820: [mem 0x00000000c9d48000-0x00000000c9d4afff] type 20",
"BIOS-e820: [mem 0x00000000c9d4b000-0x00000000c9d60fff] usable",
"BIOS-e820: [mem 0x00000000c9d61000-0x00000000c9d66fff] type 20",
"BIOS-e820: [mem 0x00000000c9d67000-0x00000000c9d68fff] usable",
"BIOS-e820: [mem 0x00000000c9d69000-0x00000000c9d72fff] type 20",
"BIOS-e820: [mem 0x00000000c9d73000-0x00000000c9f06fff] usable",
"BIOS-e820: [mem 0x00000000c9f07000-0x00000000c9f0afff] type 20",
"BIOS-e820: [mem 0x00000000c9f0b000-0x00000000c9f53fff] usable",
"BIOS-e820: [mem 0x00000000c9f54000-0x00000000c9f5afff] type 20",
"BIOS-e820: [mem 0x00000000c9f5b000-0x00000000c9f67fff] reserved",
"BIOS-e820: [mem 0x00000000c9f68000-0x00000000c9f79fff] type 20",
"BIOS-e820: [mem 0x00000000c9f7a000-0x00000000c9f7cfff] usable",
"BIOS-e820: [mem 0x00000000c9f7d000-0x00000000c9f7efff] type 20",
"BIOS-e820: [mem 0x00000000c9f7f000-0x00000000c9f95fff] usable",
"BIOS-e820: [mem 0x00000000c9f96000-0x00000000c9f9bfff] type 20",
"BIOS-e820: [mem 0x00000000c9f9c000-0x00000000c9fa3fff] usable",
"BIOS-e820: [mem 0x00000000c9fa4000-0x00000000c9fa4fff] type 20",
"BIOS-e820: [mem 0x00000000c9fa5000-0x00000000c9fb3fff] usable",
"BIOS-e820: [mem 0x00000000c9fb4000-0x00000000c9fb4fff] type 20",
"BIOS-e820: [mem 0x00000000c9fb5000-0x00000000c9fbffff] usable",
"BIOS-e820: [mem 0x00000000c9fc0000-0x00000000c9fc4fff] type 20",
"BIOS-e820: [mem 0x00000000c9fc5000-0x00000000c9ff0fff] usable",
"BIOS-e820: [mem 0x00000000c9ff1000-0x00000000c9ff1fff] type 20",
"BIOS-e820: [mem 0x00000000c9ff2000-0x00000000ca001fff] usable",
"BIOS-e820: [mem 0x00000000ca002000-0x00000000ca028fff] type 20",
"BIOS-e820: [mem 0x00000000ca029000-0x00000000ca03cfff] usable",
"BIOS-e820: [mem 0x00000000ca03d000-0x00000000ca03dfff] type 20",
"BIOS-e820: [mem 0x00000000ca03e000-0x00000000ca03efff] usable",
"BIOS-e820: [mem 0x00000000ca03f000-0x00000000ca040fff] type 20",
"BIOS-e820: [mem 0x00000000ca041000-0x00000000ca041fff] usable",
"BIOS-e820: [mem 0x00000000ca042000-0x00000000ca046fff] type 20",
"BIOS-e820: [mem 0x00000000ca047000-0x00000000ca05dfff] usable",
"BIOS-e820: [mem 0x00000000ca05e000-0x00000000ca0bdfff] reserved",
"BIOS-e820: [mem 0x00000000ca0be000-0x00000000ca0d7fff] type 20",
"BIOS-e820: [mem 0x00000000ca0d8000-0x00000000ca601fff] reserved",
"BIOS-e820: [mem 0x00000000ca602000-0x00000000ca881fff] ACPI NVS",
"BIOS-e820: [mem 0x00000000ca882000-0x00000000ca886fff] ACPI data",
"BIOS-e820: [mem 0x00000000ca887000-0x00000000ca887fff] usable",
"BIOS-e820: [mem 0x00000000ca888000-0x00000000ca8cafff] ACPI NVS",
"BIOS-e820: [mem 0x00000000ca8cb000-0x00000000cacd7fff] usable",
"BIOS-e820: [mem 0x00000000cacd8000-0x00000000caff3fff] reserved",
"BIOS-e820: [mem 0x00000000caff4000-0x00000000caffffff] usable",
"BIOS-e820: [mem 0x00000000cbc00000-0x00000000cfdfffff] reserved",
"BIOS-e820: [mem 0x00000000f8000000-0x00000000fbffffff] reserved",
"BIOS-e820: [mem 0x00000000fec00000-0x00000000fec00fff] reserved",
"BIOS-e820: [mem 0x00000000fed00000-0x00000000fed03fff] reserved",
"BIOS-e820: [mem 0x00000000fed1c000-0x00000000fed1ffff] reserved",
"BIOS-e820: [mem 0x00000000fee00000-0x00000000fee00fff] reserved",
"BIOS-e820: [mem 0x00000000ff000000-0x00000000ffffffff] reserved",
"BIOS-e820: [mem 0x0000000100000000-0x000000042f1fffff] usable",
"NX (Execute Disable) protection: active",
"efi: EFI v2.31 by American Megatrends",
"efi:  ACPI=0xca852000  ACPI 2.0=0xca852000  SMBIOS=0xca100398 ",
"efi: mem00: [Conventional Memory|   |  |  |  |   |WB|WT|WC|UC] range=[0x0000000000000000-0x000000000005f000) (0MB)",
"efi: mem01: [Boot Data          |   |  |  |  |   |WB|WT|WC|UC] range=[0x000000000005f000-0x0000000000060000) (0MB)",
"efi: mem02: [Conventional Memory|   |  |  |  |   |WB|WT|WC|UC] range=[0x0000000000060000-0x000000000009e000) (0MB)",
"efi: mem03: [Reserved           |   |  |  |  |   |WB|WT|WC|UC] range=[0x000000000009e000-0x00000000000a0000) (0MB)",
"efi: mem04: [Conventional Memory|   |  |  |  |   |WB|WT|WC|UC] range=[0x0000000000100000-0x0000000001000000) (15MB)",
"efi: mem05: [Loader Data        |   |  |  |  |   |WB|WT|WC|UC] range=[0x0000000001000000-0x00000000024e6000) (20MB)",
"efi: mem06: [Conventional Memory|   |  |  |  |   |WB|WT|WC|UC] range=[0x00000000024e6000-0x0000000020000000) (475MB)",
"efi: mem07: [Reserved           |   |  |  |  |   |WB|WT|WC|UC] range=[0x0000000020000000-0x0000000020200000) (2MB)",
"efi: mem08: [Conventional Memory|   |  |  |  |   |WB|WT|WC|UC] range=[0x0000000020200000-0x00000000357f2000) (341MB)",
"efi: mem09: [Loader Data        |   |  |  |  |   |WB|WT|WC|UC] range=[0x00000000357f2000-0x0000000036bf1000) (19MB)",
"efi: mem10: [Conventional Memory|   |  |  |  |   |WB|WT|WC|UC] range=[0x0000000036bf1000-0x0000000040004000) (148MB)",
"efi: mem11: [Reserved           |   |  |  |  |   |WB|WT|WC|UC] range=[0x0000000040004000-0x0000000040005000) (0MB)",
"efi: mem12: [Conventional Memory|   |  |  |  |   |WB|WT|WC|UC] range=[0x0000000040005000-0x0000000095d21000) (1373MB)",
"efi: mem13: [Loader Data        |   |  |  |  |   |WB|WT|WC|UC] range=[0x0000000095d21000-0x00000000c7e11000) (800MB)",
"efi: mem14: [Loader Code        |   |  |  |  |   |WB|WT|WC|UC] range=[0x00000000c7e11000-0x00000000c7f34000) (1MB)",
"efi: mem15: [Conventional Memory|   |  |  |  |   |WB|WT|WC|UC] range=[0x00000000c7f34000-0x00000000c7f82000) (0MB)",
"efi: mem16: [Loader Data        |   |  |  |  |   |WB|WT|WC|UC] range=[0x00000000c7f82000-0x00000000c806c000) (0MB)",
"efi: mem17: [Boot Data          |   |  |  |  |   |WB|WT|WC|UC] range=[0x00000000c806c000-0x00000000c8085000) (0MB)",
"efi: mem18: [Conventional Memory|   |  |  |  |   |WB|WT|WC|UC] range=[0x00000000c8085000-0x00000000c808e000) (0MB)",
"efi: mem19: [Boot Data          |   |  |  |  |   |WB|WT|WC|UC] range=[0x00000000c808e000-0x00000000c8244000) (1MB)",
"efi: mem20: [Conventional Memory|   |  |  |  |   |WB|WT|WC|UC] range=[0x00000000c8244000-0x00000000c824b000) (0MB)",
"efi: mem21: [Boot Data          |   |  |  |  |   |WB|WT|WC|UC] range=[0x00000000c824b000-0x00000000c8312000) (0MB)",
"efi: mem22: [Loader Data        |   |  |  |  |   |WB|WT|WC|UC] range=[0x00000000c8312000-0x00000000c8314000) (0MB)",
"efi: mem23: [Boot Data          |   |  |  |  |   |WB|WT|WC|UC] range=[0x00000000c8314000-0x00000000c909e000) (13MB)",
"efi: mem24: [Conventional Memory|   |  |  |  |   |WB|WT|WC|UC] range=[0x00000000c909e000-0x00000000c972e000) (6MB)",
"efi: mem25: [Loader Data        |   |  |  |  |   |WB|WT|WC|UC] range=[0x00000000c972e000-0x00000000c973a000) (0MB)",
"efi: mem26: [Boot Code          |   |  |  |  |   |WB|WT|WC|UC] range=[0x00000000c973a000-0x00000000c9747000) (0MB)",
"efi: mem27: [ACPI Memory NVS    |   |  |  |  |   |WB|WT|WC|UC] range=[0x00000000c9747000-0x00000000c9d48000) (6MB)",
"efi: mem28: [Runtime Code       |RUN|  |  |  |   |WB|WT|WC|UC] range=[0x00000000c9d48000-0x00000000c9d4b000) (0MB)",
"efi: mem29: [Boot Code          |   |  |  |  |   |WB|WT|WC|UC] range=[0x00000000c9d4b000-0x00000000c9d61000) (0MB)",
"efi: mem30: [Runtime Code       |RUN|  |  |  |   |WB|WT|WC|UC] range=[0x00000000c9d61000-0x00000000c9d67000) (0MB)",
"efi: mem31: [Boot Code          |   |  |  |  |   |WB|WT|WC|UC] range=[0x00000000c9d67000-0x00000000c9d69000) (0MB)",
"efi: mem32: [Runtime Code       |RUN|  |  |  |   |WB|WT|WC|UC] range=[0x00000000c9d69000-0x00000000c9d73000) (0MB)",
"efi: mem33: [Boot Code          |   |  |  |  |   |WB|WT|WC|UC] range=[0x00000000c9d73000-0x00000000c9f07000) (1MB)",
"efi: mem34: [Runtime Code       |RUN|  |  |  |   |WB|WT|WC|UC] range=[0x00000000c9f07000-0x00000000c9f0b000) (0MB)",
"efi: mem35: [Boot Code          |   |  |  |  |   |WB|WT|WC|UC] range=[0x00000000c9f0b000-0x00000000c9f54000) (0MB)",
"efi: mem36: [Runtime Code       |RUN|  |  |  |   |WB|WT|WC|UC] range=[0x00000000c9f54000-0x00000000c9f5b000) (0MB)",
"efi: mem37: [Runtime Data       |RUN|  |  |  |   |WB|WT|WC|UC] range=[0x00000000c9f5b000-0x00000000c9f68000) (0MB)",
"efi: mem38: [Runtime Code       |RUN|  |  |  |   |WB|WT|WC|UC] range=[0x00000000c9f68000-0x00000000c9f7a000) (0MB)",
"efi: mem39: [Boot Code          |   |  |  |  |   |WB|WT|WC|UC] range=[0x00000000c9f7a000-0x00000000c9f7d000) (0MB)",
"efi: mem40: [Runtime Code       |RUN|  |  |  |   |WB|WT|WC|UC] range=[0x00000000c9f7d000-0x00000000c9f7f000) (0MB)",
"efi: mem41: [Boot Code          |   |  |  |  |   |WB|WT|WC|UC] range=[0x00000000c9f7f000-0x00000000c9f96000) (0MB)",
"efi: mem42: [Runtime Code       |RUN|  |  |  |   |WB|WT|WC|UC] range=[0x00000000c9f96000-0x00000000c9f9c000) (0MB)",
"efi: mem43: [Boot Code          |   |  |  |  |   |WB|WT|WC|UC] range=[0x00000000c9f9c000-0x00000000c9fa4000) (0MB)",
"efi: mem44: [Runtime Code       |RUN|  |  |  |   |WB|WT|WC|UC] range=[0x00000000c9fa4000-0x00000000c9fa5000) (0MB)",
"efi: mem45: [Boot Code          |   |  |  |  |   |WB|WT|WC|UC] range=[0x00000000c9fa5000-0x00000000c9fb4000) (0MB)",
"efi: mem46: [Runtime Code       |RUN|  |  |  |   |WB|WT|WC|UC] range=[0x00000000c9fb4000-0x00000000c9fb5000) (0MB)",
"efi: mem47: [Boot Code          |   |  |  |  |   |WB|WT|WC|UC] range=[0x00000000c9fb5000-0x00000000c9fc0000) (0MB)",
"efi: mem48: [Runtime Code       |RUN|  |  |  |   |WB|WT|WC|UC] range=[0x00000000c9fc0000-0x00000000c9fc5000) (0MB)",
"efi: mem49: [Boot Code          |   |  |  |  |   |WB|WT|WC|UC] range=[0x00000000c9fc5000-0x00000000c9ff1000) (0MB)",
"efi: mem50: [Runtime Code       |RUN|  |  |  |   |WB|WT|WC|UC] range=[0x00000000c9ff1000-0x00000000c9ff2000) (0MB)",
"efi: mem51: [Boot Code          |   |  |  |  |   |WB|WT|WC|UC] range=[0x00000000c9ff2000-0x00000000ca002000) (0MB)",
"efi: mem52: [Runtime Code       |RUN|  |  |  |   |WB|WT|WC|UC] range=[0x00000000ca002000-0x00000000ca029000) (0MB)",
"efi: mem53: [Boot Code          |   |  |  |  |   |WB|WT|WC|UC] range=[0x00000000ca029000-0x00000000ca03d000) (0MB)",
"efi: mem54: [Runtime Code       |RUN|  |  |  |   |WB|WT|WC|UC] range=[0x00000000ca03d000-0x00000000ca03e000) (0MB)",
"efi: mem55: [Boot Code          |   |  |  |  |   |WB|WT|WC|UC] range=[0x00000000ca03e000-0x00000000ca03f000) (0MB)",
"efi: mem56: [Runtime Code       |RUN|  |  |  |   |WB|WT|WC|UC] range=[0x00000000ca03f000-0x00000000ca041000) (0MB)",
"efi: mem57: [Boot Code          |   |  |  |  |   |WB|WT|WC|UC] range=[0x00000000ca041000-0x00000000ca042000) (0MB)",
"efi: mem58: [Runtime Code       |RUN|  |  |  |   |WB|WT|WC|UC] range=[0x00000000ca042000-0x00000000ca047000) (0MB)",
"efi: mem59: [Boot Code          |   |  |  |  |   |WB|WT|WC|UC] range=[0x00000000ca047000-0x00000000ca05e000) (0MB)",
"efi: mem60: [Runtime Data       |RUN|  |  |  |   |WB|WT|WC|UC] range=[0x00000000ca05e000-0x00000000ca0be000) (0MB)",
"efi: mem61: [Runtime Code       |RUN|  |  |  |   |WB|WT|WC|UC] range=[0x00000000ca0be000-0x00000000ca0d8000) (0MB)",
"efi: mem62: [Runtime Data       |RUN|  |  |  |   |WB|WT|WC|UC] range=[0x00000000ca0d8000-0x00000000ca0dc000) (0MB)",
"efi: mem63: [Runtime Data       |RUN|  |  |  |   |WB|WT|WC|UC] range=[0x00000000ca0dc000-0x00000000ca102000) (0MB)",
"efi: mem64: [Reserved           |   |  |  |  |   |WB|WT|WC|UC] range=[0x00000000ca102000-0x00000000ca47a000) (3MB)",
"efi: mem65: [Reserved           |   |  |  |  |   |WB|WT|WC|UC] range=[0x00000000ca47a000-0x00000000ca602000) (1MB)",
"efi: mem66: [ACPI Memory NVS    |   |  |  |  |   |WB|WT|WC|UC] range=[0x00000000ca602000-0x00000000ca6b2000) (0MB)",
"efi: mem67: [ACPI Memory NVS    |   |  |  |  |   |WB|WT|WC|UC] range=[0x00000000ca6b2000-0x00000000ca86a000) (1MB)",
"efi: mem68: [ACPI Memory NVS    |   |  |  |  |   |WB|WT|WC|UC] range=[0x00000000ca86a000-0x00000000ca86c000) (0MB)",
"efi: mem69: [ACPI Memory NVS    |   |  |  |  |   |WB|WT|WC|UC] range=[0x00000000ca86c000-0x00000000ca882000) (0MB)",
"efi: mem70: [ACPI Reclaim Memory|   |  |  |  |   |WB|WT|WC|UC] range=[0x00000000ca882000-0x00000000ca887000) (0MB)",
"efi: mem71: [Boot Data          |   |  |  |  |   |WB|WT|WC|UC] range=[0x00000000ca887000-0x00000000ca888000) (0MB)",
"efi: mem72: [ACPI Memory NVS    |   |  |  |  |   |WB|WT|WC|UC] range=[0x00000000ca888000-0x00000000ca8cb000) (0MB)",
"efi: mem73: [Boot Data          |   |  |  |  |   |WB|WT|WC|UC] range=[0x00000000ca8cb000-0x00000000caa17000) (1MB)",
"efi: mem74: [Boot Code          |   |  |  |  |   |WB|WT|WC|UC] range=[0x00000000caa17000-0x00000000cacaf000) (2MB)",
"efi: mem75: [Boot Data          |   |  |  |  |   |WB|WT|WC|UC] range=[0x00000000cacaf000-0x00000000cacbf000) (0MB)",
"efi: mem76: [Boot Code          |   |  |  |  |   |WB|WT|WC|UC] range=[0x00000000cacbf000-0x00000000cacd1000) (0MB)",
"efi: mem77: [Boot Data          |   |  |  |  |   |WB|WT|WC|UC] range=[0x00000000cacd1000-0x00000000cacd8000) (0MB)",
"efi: mem78: [Runtime Data       |RUN|  |  |  |   |WB|WT|WC|UC] range=[0x00000000cacd8000-0x00000000caff4000) (3MB)",
"efi: mem79: [Boot Data          |   |  |  |  |   |WB|WT|WC|UC] range=[0x00000000caff4000-0x00000000cb000000) (0MB)",
"efi: mem80: [Conventional Memory|   |  |  |  |   |WB|WT|WC|UC] range=[0x0000000100000000-0x000000042f200000) (13042MB)",
"efi: mem81: [Reserved           |RUN|  |  |  |   |  |  |  |  ] range=[0x00000000cbc00000-0x00000000cfe00000) (66MB)",
"efi: mem82: [Memory Mapped I/O  |RUN|  |  |  |   |  |  |  |UC] range=[0x00000000f8000000-0x00000000fc000000) (64MB)",
"efi: mem83: [Memory Mapped I/O  |RUN|  |  |  |   |  |  |  |UC] range=[0x00000000fec00000-0x00000000fec01000) (0MB)",
"efi: mem84: [Memory Mapped I/O  |RUN|  |  |  |   |  |  |  |UC] range=[0x00000000fed00000-0x00000000fed04000) (0MB)",
"efi: mem85: [Memory Mapped I/O  |RUN|  |  |  |   |  |  |  |UC] range=[0x00000000fed1c000-0x00000000fed20000) (0MB)",
"efi: mem86: [Memory Mapped I/O  |RUN|  |  |  |   |  |  |  |UC] range=[0x00000000fee00000-0x00000000fee01000) (0MB)",
"efi: mem87: [Memory Mapped I/O  |RUN|  |  |  |   |  |  |  |UC] range=[0x00000000ff000000-0x0000000100000000) (16MB)",
"SMBIOS 2.7 present.",
"DMI: ASUSTeK COMPUTER INC. N56VZ/N56VZ, BIOS N56VZ.217 05/22/2013",
"e820: update [mem 0x00000000-0x00000fff] usable ==> reserved",
"e820: remove [mem 0x000a0000-0x000fffff] usable",
"AGP: No AGP bridge found",
"e820: last_pfn = 0x42f200 max_arch_pfn = 0x400000000",
"MTRR default type: uncachable",
"MTRR fixed ranges enabled:",
"  00000-9FFFF write-back",
"  A0000-DFFFF uncachable",
"  E0000-FFFFF write-protect",
"MTRR variable ranges enabled:",
"  0 base 000000000 mask C00000000 write-back",
"  1 base 400000000 mask FE0000000 write-back",
"  2 base 420000000 mask FF0000000 write-back",
"  3 base 0E0000000 mask FE0000000 uncachable",
"  4 base 0D0000000 mask FF0000000 uncachable",
"  5 base 0CC000000 mask FFC000000 uncachable",
"  6 base 0CBC00000 mask FFFC00000 uncachable",
"  7 base 42F800000 mask FFF800000 uncachable",
"  8 base 42F400000 mask FFFC00000 uncachable",
"  9 base 42F200000 mask FFFE00000 uncachable",
"PAT configuration [0-7]: WB  WC  UC- UC  WB  WC  UC- UC  ",
"original variable MTRRs",
"reg 0, base: 0GB, range: 16GB, type WB",
"reg 1, base: 16GB, range: 512MB, type WB",
"reg 2, base: 16896MB, range: 256MB, type WB",
"reg 3, base: 3584MB, range: 512MB, type UC",
"reg 4, base: 3328MB, range: 256MB, type UC",
"reg 5, base: 3264MB, range: 64MB, type UC",
"reg 6, base: 3260MB, range: 4MB, type UC",
"reg 7, base: 17144MB, range: 8MB, type UC",
"reg 8, base: 17140MB, range: 4MB, type UC",
"reg 9, base: 17138MB, range: 2MB, type UC",
"total RAM covered: 16302M",
" gran_size: 64K  chunk_size: 64K   num_reg: 10   lose cover RAM: 242M",
" gran_size: 64K  chunk_size: 128K  num_reg: 10   lose cover RAM: 242M",
" gran_size: 64K  chunk_size: 256K  num_reg: 10   lose cover RAM: 242M",
" gran_size: 64K  chunk_size: 512K  num_reg: 10   lose cover RAM: 242M",
" gran_size: 64K  chunk_size: 1M  num_reg: 10   lose cover RAM: 242M",
" gran_size: 64K  chunk_size: 2M  num_reg: 10   lose cover RAM: 242M",
" gran_size: 64K  chunk_size: 4M  num_reg: 10   lose cover RAM: 242M",
" gran_size: 64K  chunk_size: 8M  num_reg: 10   lose cover RAM: 50M",
"*BAD*gran_size: 64K  chunk_size: 16M   num_reg: 10   lose cover RAM: -12M",
"*BAD*gran_size: 64K  chunk_size: 32M   num_reg: 10   lose cover RAM: -12M",
"*BAD*gran_size: 64K  chunk_size: 64M   num_reg: 10   lose cover RAM: -12M",
"*BAD*gran_size: 64K  chunk_size: 128M  num_reg: 10   lose cover RAM: -12M",
"*BAD*gran_size: 64K  chunk_size: 256M  num_reg: 10   lose cover RAM: -12M",
"*BAD*gran_size: 64K  chunk_size: 512M  num_reg: 10   lose cover RAM: -268M",
"*BAD*gran_size: 64K  chunk_size: 1G  num_reg: 10   lose cover RAM: -264M",
"*BAD*gran_size: 64K  chunk_size: 2G  num_reg: 10   lose cover RAM: -1288M",
" gran_size: 128K   chunk_size: 128K  num_reg: 10   lose cover RAM: 242M",
" gran_size: 128K   chunk_size: 256K  num_reg: 10   lose cover RAM: 242M",
" gran_size: 128K   chunk_size: 512K  num_reg: 10   lose cover RAM: 242M",
" gran_size: 128K   chunk_size: 1M  num_reg: 10   lose cover RAM: 242M",
" gran_size: 128K   chunk_size: 2M  num_reg: 10   lose cover RAM: 242M",
" gran_size: 128K   chunk_size: 4M  num_reg: 10   lose cover RAM: 242M",
" gran_size: 128K   chunk_size: 8M  num_reg: 10   lose cover RAM: 50M",
"*BAD*gran_size: 128K   chunk_size: 16M   num_reg: 10   lose cover RAM: -12M",
"*BAD*gran_size: 128K   chunk_size: 32M   num_reg: 10   lose cover RAM: -12M",
"*BAD*gran_size: 128K   chunk_size: 64M   num_reg: 10   lose cover RAM: -12M",
"*BAD*gran_size: 128K   chunk_size: 128M  num_reg: 10   lose cover RAM: -12M",
"*BAD*gran_size: 128K   chunk_size: 256M  num_reg: 10   lose cover RAM: -12M",
"*BAD*gran_size: 128K   chunk_size: 512M  num_reg: 10   lose cover RAM: -268M",
"*BAD*gran_size: 128K   chunk_size: 1G  num_reg: 10   lose cover RAM: -264M",
"*BAD*gran_size: 128K   chunk_size: 2G  num_reg: 10   lose cover RAM: -1288M",
" gran_size: 256K   chunk_size: 256K  num_reg: 10   lose cover RAM: 242M",
" gran_size: 256K   chunk_size: 512K  num_reg: 10   lose cover RAM: 242M",
" gran_size: 256K   chunk_size: 1M  num_reg: 10   lose cover RAM: 242M",
" gran_size: 256K   chunk_size: 2M  num_reg: 10   lose cover RAM: 242M",
" gran_size: 256K   chunk_size: 4M  num_reg: 10   lose cover RAM: 242M",
" gran_size: 256K   chunk_size: 8M  num_reg: 10   lose cover RAM: 50M",
"*BAD*gran_size: 256K   chunk_size: 16M   num_reg: 10   lose cover RAM: -12M",
"*BAD*gran_size: 256K   chunk_size: 32M   num_reg: 10   lose cover RAM: -12M",
"*BAD*gran_size: 256K   chunk_size: 64M   num_reg: 10   lose cover RAM: -12M",
"*BAD*gran_size: 256K   chunk_size: 128M  num_reg: 10   lose cover RAM: -12M",
"*BAD*gran_size: 256K   chunk_size: 256M  num_reg: 10   lose cover RAM: -12M",
"*BAD*gran_size: 256K   chunk_size: 512M  num_reg: 10   lose cover RAM: -268M",
"*BAD*gran_size: 256K   chunk_size: 1G  num_reg: 10   lose cover RAM: -264M",
"*BAD*gran_size: 256K   chunk_size: 2G  num_reg: 10   lose cover RAM: -1288M",
" gran_size: 512K   chunk_size: 512K  num_reg: 10   lose cover RAM: 242M",
" gran_size: 512K   chunk_size: 1M  num_reg: 10   lose cover RAM: 242M",
" gran_size: 512K   chunk_size: 2M  num_reg: 10   lose cover RAM: 242M",
" gran_size: 512K   chunk_size: 4M  num_reg: 10   lose cover RAM: 242M",
" gran_size: 512K   chunk_size: 8M  num_reg: 10   lose cover RAM: 50M",
"*BAD*gran_size: 512K   chunk_size: 16M   num_reg: 10   lose cover RAM: -12M",
"*BAD*gran_size: 512K   chunk_size: 32M   num_reg: 10   lose cover RAM: -12M",
"*BAD*gran_size: 512K   chunk_size: 64M   num_reg: 10   lose cover RAM: -12M",
"*BAD*gran_size: 512K   chunk_size: 128M  num_reg: 10   lose cover RAM: -12M",
"*BAD*gran_size: 512K   chunk_size: 256M  num_reg: 10   lose cover RAM: -12M",
"*BAD*gran_size: 512K   chunk_size: 512M  num_reg: 10   lose cover RAM: -268M",
"*BAD*gran_size: 512K   chunk_size: 1G  num_reg: 10   lose cover RAM: -264M",
"*BAD*gran_size: 512K   chunk_size: 2G  num_reg: 10   lose cover RAM: -1288M",
" gran_size: 1M   chunk_size: 1M  num_reg: 10   lose cover RAM: 242M",
" gran_size: 1M   chunk_size: 2M  num_reg: 10   lose cover RAM: 242M",
" gran_size: 1M   chunk_size: 4M  num_reg: 10   lose cover RAM: 242M",
" gran_size: 1M   chunk_size: 8M  num_reg: 10   lose cover RAM: 50M",
"*BAD*gran_size: 1M   chunk_size: 16M   num_reg: 10   lose cover RAM: -12M",
"*BAD*gran_size: 1M   chunk_size: 32M   num_reg: 10   lose cover RAM: -12M",
"*BAD*gran_size: 1M   chunk_size: 64M   num_reg: 10   lose cover RAM: -12M",
"*BAD*gran_size: 1M   chunk_size: 128M  num_reg: 10   lose cover RAM: -12M",
"*BAD*gran_size: 1M   chunk_size: 256M  num_reg: 10   lose cover RAM: -12M",
"*BAD*gran_size: 1M   chunk_size: 512M  num_reg: 10   lose cover RAM: -268M",
"*BAD*gran_size: 1M   chunk_size: 1G  num_reg: 10   lose cover RAM: -264M",
"*BAD*gran_size: 1M   chunk_size: 2G  num_reg: 10   lose cover RAM: -1288M",
" gran_size: 2M   chunk_size: 2M  num_reg: 10   lose cover RAM: 242M",
" gran_size: 2M   chunk_size: 4M  num_reg: 10   lose cover RAM: 242M",
" gran_size: 2M   chunk_size: 8M  num_reg: 10   lose cover RAM: 50M",
"*BAD*gran_size: 2M   chunk_size: 16M   num_reg: 10   lose cover RAM: -12M",
"*BAD*gran_size: 2M   chunk_size: 32M   num_reg: 10   lose cover RAM: -12M",
"*BAD*gran_size: 2M   chunk_size: 64M   num_reg: 10   lose cover RAM: -12M",
"*BAD*gran_size: 2M   chunk_size: 128M  num_reg: 10   lose cover RAM: -12M",
"*BAD*gran_size: 2M   chunk_size: 256M  num_reg: 10   lose cover RAM: -12M",
"*BAD*gran_size: 2M   chunk_size: 512M  num_reg: 10   lose cover RAM: -268M",
"*BAD*gran_size: 2M   chunk_size: 1G  num_reg: 10   lose cover RAM: -264M",
"*BAD*gran_size: 2M   chunk_size: 2G  num_reg: 10   lose cover RAM: -1288M",
" gran_size: 4M   chunk_size: 4M  num_reg: 10   lose cover RAM: 242M",
" gran_size: 4M   chunk_size: 8M  num_reg: 10   lose cover RAM: 50M",
" gran_size: 4M   chunk_size: 16M   num_reg: 10   lose cover RAM: 50M",
" gran_size: 4M   chunk_size: 32M   num_reg: 10   lose cover RAM: 2M",
" gran_size: 4M   chunk_size: 64M   num_reg: 10   lose cover RAM: 2M",
" gran_size: 4M   chunk_size: 128M  num_reg: 10   lose cover RAM: 2M",
" gran_size: 4M   chunk_size: 256M  num_reg: 10   lose cover RAM: 2M",
"*BAD*gran_size: 4M   chunk_size: 512M  num_reg: 10   lose cover RAM: -254M",
" gran_size: 4M   chunk_size: 1G  num_reg: 10   lose cover RAM: 2M",
"*BAD*gran_size: 4M   chunk_size: 2G  num_reg: 10   lose cover RAM: -1022M",
" gran_size: 8M   chunk_size: 8M  num_reg: 10   lose cover RAM: 118M",
" gran_size: 8M   chunk_size: 16M   num_reg: 10   lose cover RAM: 54M",
" gran_size: 8M   chunk_size: 32M   num_reg: 10   lose cover RAM: 6M",
" gran_size: 8M   chunk_size: 64M   num_reg: 10   lose cover RAM: 6M",
" gran_size: 8M   chunk_size: 128M  num_reg: 10   lose cover RAM: 6M",
" gran_size: 8M   chunk_size: 256M  num_reg: 10   lose cover RAM: 6M",
"*BAD*gran_size: 8M   chunk_size: 512M  num_reg: 10   lose cover RAM: -250M",
" gran_size: 8M   chunk_size: 1G  num_reg: 10   lose cover RAM: 6M",
"*BAD*gran_size: 8M   chunk_size: 2G  num_reg: 10   lose cover RAM: -1018M",
" gran_size: 16M  chunk_size: 16M   num_reg: 10   lose cover RAM: 62M",
" gran_size: 16M  chunk_size: 32M   num_reg: 10   lose cover RAM: 14M",
" gran_size: 16M  chunk_size: 64M   num_reg: 10   lose cover RAM: 14M",
" gran_size: 16M  chunk_size: 128M  num_reg: 10   lose cover RAM: 14M",
" gran_size: 16M  chunk_size: 256M  num_reg: 10   lose cover RAM: 14M",
"*BAD*gran_size: 16M  chunk_size: 512M  num_reg: 10   lose cover RAM: -242M",
" gran_size: 16M  chunk_size: 1G  num_reg: 10   lose cover RAM: 14M",
"*BAD*gran_size: 16M  chunk_size: 2G  num_reg: 10   lose cover RAM: -1010M",
" gran_size: 32M  chunk_size: 32M   num_reg: 10   lose cover RAM: 46M",
" gran_size: 32M  chunk_size: 64M   num_reg: 10   lose cover RAM: 46M",
" gran_size: 32M  chunk_size: 128M  num_reg: 10   lose cover RAM: 46M",
" gran_size: 32M  chunk_size: 256M  num_reg: 10   lose cover RAM: 46M",
"*BAD*gran_size: 32M  chunk_size: 512M  num_reg: 10   lose cover RAM: -210M",
" gran_size: 32M  chunk_size: 1G  num_reg: 10   lose cover RAM: 46M",
"*BAD*gran_size: 32M  chunk_size: 2G  num_reg: 10   lose cover RAM: -978M",
" gran_size: 64M  chunk_size: 64M   num_reg: 8    lose cover RAM: 110M",
" gran_size: 64M  chunk_size: 128M  num_reg: 8    lose cover RAM: 110M",
" gran_size: 64M  chunk_size: 256M  num_reg: 9    lose cover RAM: 110M",
" gran_size: 64M  chunk_size: 512M  num_reg: 10   lose cover RAM: 110M",
" gran_size: 64M  chunk_size: 1G  num_reg: 9    lose cover RAM: 110M",
" gran_size: 64M  chunk_size: 2G  num_reg: 10   lose cover RAM: 110M",
" gran_size: 128M   chunk_size: 128M  num_reg: 7    lose cover RAM: 174M",
" gran_size: 128M   chunk_size: 256M  num_reg: 9    lose cover RAM: 174M",
" gran_size: 128M   chunk_size: 512M  num_reg: 10   lose cover RAM: 174M",
" gran_size: 128M   chunk_size: 1G  num_reg: 9    lose cover RAM: 174M",
" gran_size: 128M   chunk_size: 2G  num_reg: 10   lose cover RAM: 174M",
" gran_size: 256M   chunk_size: 256M  num_reg: 5    lose cover RAM: 430M",
" gran_size: 256M   chunk_size: 512M  num_reg: 5    lose cover RAM: 430M",
" gran_size: 256M   chunk_size: 1G  num_reg: 6    lose cover RAM: 430M",
" gran_size: 256M   chunk_size: 2G  num_reg: 7    lose cover RAM: 430M",
" gran_size: 512M   chunk_size: 512M  num_reg: 5    lose cover RAM: 430M",
" gran_size: 512M   chunk_size: 1G  num_reg: 6    lose cover RAM: 430M",
" gran_size: 512M   chunk_size: 2G  num_reg: 7    lose cover RAM: 430M",
" gran_size: 1G   chunk_size: 1G  num_reg: 4    lose cover RAM: 942M",
" gran_size: 1G   chunk_size: 2G  num_reg: 4    lose cover RAM: 942M",
" gran_size: 2G   chunk_size: 2G  num_reg: 3    lose cover RAM: 1966M",
"mtrr_cleanup: can not find optimal value",
"please specify mtrr_gran_size/mtrr_chunk_size",
"e820: update [mem 0xcbc00000-0xffffffff] usable ==> reserved",
"e820: last_pfn = 0xcb000 max_arch_pfn = 0x400000000",
"Scanning 1 areas for low memory corruption",
"Base memory trampoline at [ffff880000098000] 98000 size 24576",
"init_memory_mapping: [mem 0x00000000-0x000fffff]",
" [mem 0x00000000-0x000fffff] page 4k",
"BRK [0x01fe5000, 0x01fe5fff] PGTABLE",
"BRK [0x01fe6000, 0x01fe6fff] PGTABLE",
"BRK [0x01fe7000, 0x01fe7fff] PGTABLE",
"init_memory_mapping: [mem 0x42f000000-0x42f1fffff]",
" [mem 0x42f000000-0x42f1fffff] page 2M",
"BRK [0x01fe8000, 0x01fe8fff] PGTABLE",
"init_memory_mapping: [mem 0x420000000-0x42effffff]",
" [mem 0x420000000-0x42effffff] page 2M",
"init_memory_mapping: [mem 0x400000000-0x41fffffff]",
" [mem 0x400000000-0x41fffffff] page 2M",
"init_memory_mapping: [mem 0x00100000-0x1fffffff]",
" [mem 0x00100000-0x001fffff] page 4k",
" [mem 0x00200000-0x1fffffff] page 2M",
"init_memory_mapping: [mem 0x20200000-0x40003fff]",
" [mem 0x20200000-0x3fffffff] page 2M",
" [mem 0x40000000-0x40003fff] page 4k",
"BRK [0x01fe9000, 0x01fe9fff] PGTABLE",
"BRK [0x01fea000, 0x01feafff] PGTABLE",
"init_memory_mapping: [mem 0x40005000-0xc9746fff]",
" [mem 0x40005000-0x401fffff] page 4k",
" [mem 0x40200000-0xc95fffff] page 2M",
" [mem 0xc9600000-0xc9746fff] page 4k",
"init_memory_mapping: [mem 0xc9d4b000-0xc9d60fff]",
" [mem 0xc9d4b000-0xc9d60fff] page 4k",
"init_memory_mapping: [mem 0xc9d67000-0xc9d68fff]",
" [mem 0xc9d67000-0xc9d68fff] page 4k",
"init_memory_mapping: [mem 0xc9d73000-0xc9f06fff]",
" [mem 0xc9d73000-0xc9f06fff] page 4k",
"init_memory_mapping: [mem 0xc9f0b000-0xc9f53fff]",
" [mem 0xc9f0b000-0xc9f53fff] page 4k",
"init_memory_mapping: [mem 0xc9f7a000-0xc9f7cfff]",
" [mem 0xc9f7a000-0xc9f7cfff] page 4k",
"init_memory_mapping: [mem 0xc9f7f000-0xc9f95fff]",
" [mem 0xc9f7f000-0xc9f95fff] page 4k",
"init_memory_mapping: [mem 0xc9f9c000-0xc9fa3fff]",
" [mem 0xc9f9c000-0xc9fa3fff] page 4k",
"init_memory_mapping: [mem 0xc9fa5000-0xc9fb3fff]",
" [mem 0xc9fa5000-0xc9fb3fff] page 4k",
"init_memory_mapping: [mem 0xc9fb5000-0xc9fbffff]",
" [mem 0xc9fb5000-0xc9fbffff] page 4k",
"init_memory_mapping: [mem 0xc9fc5000-0xc9ff0fff]",
" [mem 0xc9fc5000-0xc9ff0fff] page 4k",
"init_memory_mapping: [mem 0xc9ff2000-0xca001fff]",
" [mem 0xc9ff2000-0xca001fff] page 4k",
"init_memory_mapping: [mem 0xca029000-0xca03cfff]",
" [mem 0xca029000-0xca03cfff] page 4k",
"init_memory_mapping: [mem 0xca03e000-0xca03efff]",
" [mem 0xca03e000-0xca03efff] page 4k",
"init_memory_mapping: [mem 0xca041000-0xca041fff]",
" [mem 0xca041000-0xca041fff] page 4k",
"init_memory_mapping: [mem 0xca047000-0xca05dfff]",
" [mem 0xca047000-0xca05dfff] page 4k",
"init_memory_mapping: [mem 0xca887000-0xca887fff]",
" [mem 0xca887000-0xca887fff] page 4k",
"init_memory_mapping: [mem 0xca8cb000-0xcacd7fff]",
" [mem 0xca8cb000-0xca9fffff] page 4k",
" [mem 0xcaa00000-0xcabfffff] page 2M",
" [mem 0xcac00000-0xcacd7fff] page 4k",
"init_memory_mapping: [mem 0xcaff4000-0xcaffffff]",
" [mem 0xcaff4000-0xcaffffff] page 4k",
"init_memory_mapping: [mem 0x100000000-0x3ffffffff]",
" [mem 0x100000000-0x3ffffffff] page 2M",
"RAMDISK: [mem 0x357f2000-0x36bf0fff]",
"ACPI: Early table checksum verification disabled",
"ACPI: RSDP 0x00000000CA852000 000024 (v02 _ASUS_)",
"ACPI: XSDT 0x00000000CA852080 000084 (v01 _ASUS_ Notebook 01072009 AMI  00010013)",
"ACPI: FACP 0x00000000CA865DF0 00010C (v05 _ASUS_ Notebook 01072009 AMI  00010013)",
"ACPI: DSDT 0x00000000CA852190 013C5A (v02 _ASUS_ Notebook 00000013 INTL 20091112)",
"ACPI: FACS 0x00000000CA87F080 000040",
"ACPI: APIC 0x00000000CA865F00 000092 (v03 _ASUS_ Notebook 01072009 AMI  00010013)",
"ACPI: FPDT 0x00000000CA865F98 000044 (v01 _ASUS_ Notebook 01072009 AMI  00010013)",
"ACPI: ECDT 0x00000000CA865FE0 0000C1 (v01 _ASUS_ Notebook 01072009 AMI. 00000005)",
"ACPI: MCFG 0x00000000CA8660A8 00003C (v01 _ASUS_ Notebook 01072009 MSFT 00000097)",
"ACPI: HPET 0x00000000CA8660E8 000038 (v01 _ASUS_ Notebook 01072009 AMI. 00000005)",
"ACPI: SSDT 0x00000000CA866120 000632 (v01 AhciR1 AhciTab1 00001000 INTL 20091112)",
"ACPI: SSDT 0x00000000CA866758 00049E (v01 AhciR2 AhciTab2 00001000 INTL 20091112)",
"ACPI: SSDT 0x00000000CA866BF8 00094C (v01 PmRef  Cpu0Ist  00003000 INTL 20051117)",
"ACPI: SSDT 0x00000000CA867548 000B18 (v01 PmRef  CpuPm    00003000 INTL 20051117)",
"ACPI: BGRT 0x00000000CA868060 000038 (v00 _ASUS_ Notebook 01072009 ASUS 00010013)",
"ACPI: MSDM 0x00000000CA601E18 000055 (v03 _ASUS_ Notebook 00000000 ASUS 00000001)",
"ACPI: Local APIC address 0xfee00000",
"No NUMA configuration found",
"Faking a node at [mem 0x0000000000000000-0x000000042f1fffff]",
"NODE_DATA(0) allocated [mem 0x42f1e6000-0x42f1eafff]",
" [ffffea0000000000-ffffea0010bfffff] PMD -> [ffff88041e800000-ffff88042e7fffff] on node 0",
"Zone ranges:",
"  DMA      [mem 0x00001000-0x00ffffff]",
"  DMA32    [mem 0x01000000-0xffffffff]",
"  Normal   [mem 0x100000000-0x42f1fffff]",
"Movable zone start for each node",
"Early memory node ranges",
"  node   0: [mem 0x00001000-0x0009dfff]",
"  node   0: [mem 0x00100000-0x1fffffff]",
"  node   0: [mem 0x20200000-0x40003fff]",
"  node   0: [mem 0x40005000-0xc9746fff]",
"  node   0: [mem 0xc9d4b000-0xc9d60fff]",
"  node   0: [mem 0xc9d67000-0xc9d68fff]",
"  node   0: [mem 0xc9d73000-0xc9f06fff]",
"  node   0: [mem 0xc9f0b000-0xc9f53fff]",
"  node   0: [mem 0xc9f7a000-0xc9f7cfff]",
"  node   0: [mem 0xc9f7f000-0xc9f95fff]",
"  node   0: [mem 0xc9f9c000-0xc9fa3fff]",
"  node   0: [mem 0xc9fa5000-0xc9fb3fff]",
"  node   0: [mem 0xc9fb5000-0xc9fbffff]",
"  node   0: [mem 0xc9fc5000-0xc9ff0fff]",
"  node   0: [mem 0xc9ff2000-0xca001fff]",
"  node   0: [mem 0xca029000-0xca03cfff]",
"  node   0: [mem 0xca03e000-0xca03efff]",
"  node   0: [mem 0xca041000-0xca041fff]",
"  node   0: [mem 0xca047000-0xca05dfff]",
"  node   0: [mem 0xca887000-0xca887fff]",
"  node   0: [mem 0xca8cb000-0xcacd7fff]",
"  node   0: [mem 0xcaff4000-0xcaffffff]",
"  node   0: [mem 0x100000000-0x42f1fffff]",
"Initmem setup node 0 [mem 0x00001000-0x42f1fffff]",
"On node 0 totalpages: 4165015",
"  DMA zone: 64 pages used for memmap",
"  DMA zone: 24 pages reserved",
"  DMA zone: 3997 pages, LIFO batch:0",
"  DMA32 zone: 12848 pages used for memmap",
"  DMA32 zone: 822266 pages, LIFO batch:31",
"  Normal zone: 52168 pages used for memmap",
"  Normal zone: 3338752 pages, LIFO batch:31",
"Reserving Intel graphics stolen memory at 0xcbe00000-0xcfdfffff",
"ACPI: PM-Timer IO Port: 0x408",
"ACPI: Local APIC address 0xfee00000",
"ACPI: LAPIC (acpi_id[0x01] lapic_id[0x00] enabled)",
"ACPI: LAPIC (acpi_id[0x02] lapic_id[0x02] enabled)",
"ACPI: LAPIC (acpi_id[0x03] lapic_id[0x04] enabled)",
"ACPI: LAPIC (acpi_id[0x04] lapic_id[0x06] enabled)",
"ACPI: LAPIC (acpi_id[0x05] lapic_id[0x01] enabled)",
"ACPI: LAPIC (acpi_id[0x06] lapic_id[0x03] enabled)",
"ACPI: LAPIC (acpi_id[0x07] lapic_id[0x05] enabled)",
"ACPI: LAPIC (acpi_id[0x08] lapic_id[0x07] enabled)",
"ACPI: LAPIC_NMI (acpi_id[0xff] high edge lint[0x1])",
"ACPI: IOAPIC (id[0x02] address[0xfec00000] gsi_base[0])",
"IOAPIC[0]: apic_id 2, version 32, address 0xfec00000, GSI 0-23",
"ACPI: INT_SRC_OVR (bus 0 bus_irq 0 global_irq 2 dfl dfl)",
"ACPI: INT_SRC_OVR (bus 0 bus_irq 9 global_irq 9 high level)",
"ACPI: IRQ0 used by override.",
"ACPI: IRQ9 used by override.",
"Using ACPI (MADT) for SMP configuration information",
"ACPI: HPET id: 0x8086a701 base: 0xfed00000",
"smpboot: Allowing 8 CPUs, 0 hotplug CPUs",
"PM: Registered nosave memory: [mem 0x00000000-0x00000fff]",
"PM: Registered nosave memory: [mem 0x0009e000-0x0009ffff]",
"PM: Registered nosave memory: [mem 0x000a0000-0x000fffff]",
"PM: Registered nosave memory: [mem 0x20000000-0x201fffff]",
"PM: Registered nosave memory: [mem 0x40004000-0x40004fff]",
"PM: Registered nosave memory: [mem 0xc9747000-0xc9d47fff]",
"PM: Registered nosave memory: [mem 0xc9d48000-0xc9d4afff]",
"PM: Registered nosave memory: [mem 0xc9d61000-0xc9d66fff]",
"PM: Registered nosave memory: [mem 0xc9d69000-0xc9d72fff]",
"PM: Registered nosave memory: [mem 0xc9f07000-0xc9f0afff]",
"PM: Registered nosave memory: [mem 0xc9f54000-0xc9f5afff]",
"PM: Registered nosave memory: [mem 0xc9f5b000-0xc9f67fff]",
"PM: Registered nosave memory: [mem 0xc9f68000-0xc9f79fff]",
"PM: Registered nosave memory: [mem 0xc9f7d000-0xc9f7efff]",
"PM: Registered nosave memory: [mem 0xc9f96000-0xc9f9bfff]",
"PM: Registered nosave memory: [mem 0xc9fa4000-0xc9fa4fff]",
"PM: Registered nosave memory: [mem 0xc9fb4000-0xc9fb4fff]",
"PM: Registered nosave memory: [mem 0xc9fc0000-0xc9fc4fff]",
"PM: Registered nosave memory: [mem 0xc9ff1000-0xc9ff1fff]",
"PM: Registered nosave memory: [mem 0xca002000-0xca028fff]",
"PM: Registered nosave memory: [mem 0xca03d000-0xca03dfff]",
"PM: Registered nosave memory: [mem 0xca03f000-0xca040fff]",
"PM: Registered nosave memory: [mem 0xca042000-0xca046fff]",
"PM: Registered nosave memory: [mem 0xca05e000-0xca0bdfff]",
"PM: Registered nosave memory: [mem 0xca0be000-0xca0d7fff]",
"PM: Registered nosave memory: [mem 0xca0d8000-0xca601fff]",
"PM: Registered nosave memory: [mem 0xca602000-0xca881fff]",
"PM: Registered nosave memory: [mem 0xca882000-0xca886fff]",
"PM: Registered nosave memory: [mem 0xca888000-0xca8cafff]",
"PM: Registered nosave memory: [mem 0xcacd8000-0xcaff3fff]",
"PM: Registered nosave memory: [mem 0xcb000000-0xcbbfffff]",
"PM: Registered nosave memory: [mem 0xcbc00000-0xcfdfffff]",
"PM: Registered nosave memory: [mem 0xcfe00000-0xf7ffffff]",
"PM: Registered nosave memory: [mem 0xf8000000-0xfbffffff]",
"PM: Registered nosave memory: [mem 0xfc000000-0xfebfffff]",
"PM: Registered nosave memory: [mem 0xfec00000-0xfec00fff]",
"PM: Registered nosave memory: [mem 0xfec01000-0xfecfffff]",
"PM: Registered nosave memory: [mem 0xfed00000-0xfed03fff]",
"PM: Registered nosave memory: [mem 0xfed04000-0xfed1bfff]",
"PM: Registered nosave memory: [mem 0xfed1c000-0xfed1ffff]",
"PM: Registered nosave memory: [mem 0xfed20000-0xfedfffff]",
"PM: Registered nosave memory: [mem 0xfee00000-0xfee00fff]",
"PM: Registered nosave memory: [mem 0xfee01000-0xfeffffff]",
"PM: Registered nosave memory: [mem 0xff000000-0xffffffff]",
"e820: [mem 0xcfe00000-0xf7ffffff] available for PCI devices",
"Booting paravirtualized kernel on bare hardware",
"setup_percpu: NR_CPUS:256 nr_cpumask_bits:256 nr_cpu_ids:8 nr_node_ids:1",
"PERCPU: Embedded 31 pages/cpu @ffff88042ee00000 s87040 r8192 d31744 u262144",
"pcpu-alloc: s87040 r8192 d31744 u262144 alloc=1*2097152",
"pcpu-alloc: [0] 0 1 2 3 4 5 6 7 ",
"Built 1 zonelists in Node order, mobility grouping on.  Total pages: 4099911",
"Policy zone: Normal",
"Kernel command line: BOOT_IMAGE=/vmlinuz-3.19.0-21-generic.efi.signed root=UUID=14ac372e-6980-4fe8-b247-fae92d54b0c5 ro quiet splash acpi_enforce_resources=lax intel_pstate=enable rcutree.rcu_idle_gp_delay=1 nouveau.runpm=0 vt.handoff=7",
"PID hash table entries: 4096 (order: 3, 32768 bytes)",
"xsave: enabled xstate_bv 0x7, cntxt size 0x340 using standard form",
"AGP: Checking aperture...",
"AGP: No AGP bridge found",
"Calgary: detecting Calgary via BIOS EBDA area",
"Calgary: Unable to locate Rio Grande table in EBDA - bailing!",
"Memory: 16270208K/16660060K available (8000K kernel code, 1232K rwdata, 3752K rodata, 1408K init, 1300K bss, 389852K reserved, 0K cma-reserved)",
"SLUB: HWalign=64, Order=0-3, MinObjects=0, CPUs=8, Nodes=1",
"Hierarchical RCU implementation.",
" RCU dyntick-idle grace-period acceleration is enabled.",
" RCU restricting CPUs from NR_CPUS=256 to nr_cpu_ids=8.",
"RCU: Adjusting geometry for rcu_fanout_leaf=16, nr_cpu_ids=8",
"NR_IRQS:16640 nr_irqs:488 16",
" Offload RCU callbacks from all CPUs",
" Offload RCU callbacks from CPUs: 0-7.",
"vt handoff: transparent VT on vt#7",
"Console: colour dummy device 80x25",
"console [tty0] enabled",
"hpet clockevent registered",
"tsc: Fast TSC calibration using PIT",
"tsc: Detected 2394.543 MHz processor",
"Calibrating delay loop (skipped), value calculated using timer frequency.. 4789.08 BogoMIPS (lpj=9578172)",
"pid_max: default: 32768 minimum: 301",
"ACPI: Core revision 20141107",
"ACPI: All ACPI Tables successfully acquired",
"Security Framework initialized",
"AppArmor: AppArmor initialized",
"Yama: becoming mindful.",
"Dentry cache hash table entries: 2097152 (order: 12, 16777216 bytes)",
"Inode-cache hash table entries: 1048576 (order: 11, 8388608 bytes)",
"Mount-cache hash table entries: 32768 (order: 6, 262144 bytes)",
"Mountpoint-cache hash table entries: 32768 (order: 6, 262144 bytes)",
"Initializing cgroup subsys memory",
"Initializing cgroup subsys devices",
"Initializing cgroup subsys freezer",
"Initializing cgroup subsys net_cls",
"Initializing cgroup subsys blkio",
"Initializing cgroup subsys perf_event",
"Initializing cgroup subsys net_prio",
"Initializing cgroup subsys hugetlb",
"CPU: Physical Processor ID: 0",
"CPU: Processor Core ID: 0",
"ENERGY_PERF_BIAS: Set to 'normal', was 'performance'",
"ENERGY_PERF_BIAS: View and update with x86_energy_perf_policy(8)",
"mce: CPU supports 9 MCE banks",
"CPU0: Thermal monitoring enabled (TM1)",
"process: using mwait in idle threads",
"Last level iTLB entries: 4KB 512, 2MB 8, 4MB 8",
"Last level dTLB entries: 4KB 512, 2MB 32, 4MB 32, 1GB 0",
"Freeing SMP alternatives memory: 32K (ffffffff81e96000 - ffffffff81e9e000)",
"Ignoring BGRT: invalid status 0 (expected 1)",
"ftrace: allocating 30086 entries in 118 pages",
"..TIMER: vector=0x30 apic1=0 pin1=2 apic2=-1 pin2=-1",
"smpboot: CPU0: Intel(R) Core(TM) i7-3630QM CPU @ 2.40GHz (fam: 06, model: 3a, stepping: 09)",
"TSC deadline timer enabled",
"Performance Events: PEBS fmt1+, 16-deep LBR, IvyBridge events, full-width counters, Intel PMU driver.",
"... version:                3",
"... bit width:              48",
"... generic registers:      4",
"... value mask:             0000ffffffffffff",
"... max period:             0000ffffffffffff",
"... fixed-purpose events:   3",
"... event mask:             000000070000000f",
"x86: Booting SMP configuration:",
".... node  #0, CPUs:      #1",
"CPU1 microcode updated early to revision 0x1b, date = 2014-05-29",
"NMI watchdog: enabled on all CPUs, permanently consumes one hw-PMU counter.",
" #2",
"CPU2 microcode updated early to revision 0x1b, date = 2014-05-29",
" #3",
"CPU3 microcode updated early to revision 0x1b, date = 2014-05-29",
" #4 #5 #6 #7",
"x86: Booted up 1 node, 8 CPUs",
"smpboot: Total of 8 processors activated (38312.68 BogoMIPS)",
"devtmpfs: initialized",
"evm: security.selinux",
"evm: security.SMACK64",
"evm: security.SMACK64EXEC",
"evm: security.SMACK64TRANSMUTE",
"evm: security.SMACK64MMAP",
"evm: security.ima",
"evm: security.capability",
"PM: Registering ACPI NVS region [mem 0xc9747000-0xc9d47fff] (6295552 bytes)",
"PM: Registering ACPI NVS region [mem 0xca602000-0xca881fff] (2621440 bytes)",
"PM: Registering ACPI NVS region [mem 0xca888000-0xca8cafff] (274432 bytes)",
"pinctrl core: initialized pinctrl subsystem",
"RTC time:  5:41:44, date: 07/10/15",
"NET: Registered protocol family 16",
"cpuidle: using governor ladder",
"cpuidle: using governor menu",
"ACPI FADT declares the system doesn't support PCIe ASPM, so disable it",
"ACPI: bus type PCI registered",
"acpiphp: ACPI Hot Plug PCI Controller Driver version: 0.5",
"PCI: MMCONFIG for domain 0000 [bus 00-3f] at [mem 0xf8000000-0xfbffffff] (base 0xf8000000)",
"PCI: MMCONFIG at [mem 0xf8000000-0xfbffffff] reserved in E820",
"PCI: Using configuration type 1 for base access",
"ACPI: Added _OSI(Module Device)",
"ACPI: Added _OSI(Processor Device)",
"ACPI: Added _OSI(3.0 _SCP Extensions)",
"ACPI: Added _OSI(Processor Aggregator Device)",
"ACPI : EC: EC description table is found, configuring boot EC",
"ACPI: Executed 1 blocks of module-level executable AML code",
"[Firmware Bug]: ACPI: BIOS _OSI(Linux) query ignored",
"ACPI: Dynamic OEM Table Load:",
"ACPI: SSDT 0xFFFF88041C049000 000853 (v01 PmRef  Cpu0Cst  00003001 INTL 20051117)",
"ACPI: Dynamic OEM Table Load:",
"ACPI: SSDT 0xFFFF88041C7D4C00 000303 (v01 PmRef  ApIst    00003000 INTL 20051117)",
"ACPI: Dynamic OEM Table Load:",
"ACPI: SSDT 0xFFFF88041C7DB200 000119 (v01 PmRef  ApCst    00003000 INTL 20051117)",
"ACPI: Interpreter enabled",
"ACPI Exception: AE_NOT_FOUND, While evaluating Sleep State [\_S1_] (20141107/hwxface-580)",
"ACPI Exception: AE_NOT_FOUND, While evaluating Sleep State [\_S2_] (20141107/hwxface-580)",
"ACPI: (supports S0 S3 S4 S5)",
"ACPI: Using IOAPIC for interrupt routing",
"PCI: Using host bridge windows from ACPI; if necessary, use \"pci=nocrs\" and report a bug",
"ACPI: PCI Root Bridge [PCI0] (domain 0000 [bus 00-3e])",
"acpi PNP0A08:00: _OSC: OS supports [ExtendedConfig ASPM ClockPM Segments MSI]",
"acpi PNP0A08:00: _OSC: platform does not support [PCIeHotplug PME]",
"acpi PNP0A08:00: _OSC: OS now controls [AER PCIeCapability]",
"acpi PNP0A08:00: FADT indicates ASPM is unsupported, using BIOS configuration",
"PCI host bridge to bus 0000:00",
"pci_bus 0000:00: root bus resource [bus 00-3e]",
"pci_bus 0000:00: root bus resource [io  0x0000-0x0cf7]",
"pci_bus 0000:00: root bus resource [io  0x0d00-0xffff]",
"pci_bus 0000:00: root bus resource [mem 0x000a0000-0x000bffff]",
"pci_bus 0000:00: root bus resource [mem 0x000c0000-0x000c3fff]",
"pci_bus 0000:00: root bus resource [mem 0x000c4000-0x000c7fff]",
"pci_bus 0000:00: root bus resource [mem 0x000c8000-0x000cbfff]",
"pci_bus 0000:00: root bus resource [mem 0x000cc000-0x000cffff]",
"pci_bus 0000:00: root bus resource [mem 0x000d0000-0x000d3fff]",
"pci_bus 0000:00: root bus resource [mem 0x000d4000-0x000d7fff]",
"pci_bus 0000:00: root bus resource [mem 0x000d8000-0x000dbfff]",
"pci_bus 0000:00: root bus resource [mem 0x000dc000-0x000dffff]",
"pci_bus 0000:00: root bus resource [mem 0xcfe00000-0xfeafffff]",
"pci 0000:00:00.0: [8086:0154] type 00 class 0x060000",
"pci 0000:00:01.0: [8086:0151] type 01 class 0x060400",
"pci 0000:00:01.0: PME# supported from D0 D3hot D3cold",
"pci 0000:00:01.0: System wakeup disabled by ACPI",
"pci 0000:00:02.0: [8086:0166] type 00 class 0x030000",
"pci 0000:00:02.0: reg 0x10: [mem 0xf7400000-0xf77fffff 64bit]",
"pci 0000:00:02.0: reg 0x18: [mem 0xd0000000-0xdfffffff 64bit pref]",
"pci 0000:00:02.0: reg 0x20: [io  0xf000-0xf03f]",
"pci 0000:00:14.0: [8086:1e31] type 00 class 0x0c0330",
"pci 0000:00:14.0: reg 0x10: [mem 0xf7a00000-0xf7a0ffff 64bit]",
"pci 0000:00:14.0: PME# supported from D3hot D3cold",
"pci 0000:00:14.0: System wakeup disabled by ACPI",
"pci 0000:00:16.0: [8086:1e3a] type 00 class 0x078000",
"pci 0000:00:16.0: reg 0x10: [mem 0xf7a1a000-0xf7a1a00f 64bit]",
"pci 0000:00:16.0: PME# supported from D0 D3hot D3cold",
"pci 0000:00:1a.0: [8086:1e2d] type 00 class 0x0c0320",
"pci 0000:00:1a.0: reg 0x10: [mem 0xf7a18000-0xf7a183ff]",
"pci 0000:00:1a.0: PME# supported from D0 D3hot D3cold",
"pci 0000:00:1a.0: System wakeup disabled by ACPI",
"pci 0000:00:1b.0: [8086:1e20] type 00 class 0x040300",
"pci 0000:00:1b.0: reg 0x10: [mem 0xf7a10000-0xf7a13fff 64bit]",
"pci 0000:00:1b.0: PME# supported from D0 D3hot D3cold",
"pci 0000:00:1b.0: System wakeup disabled by ACPI",
"pci 0000:00:1c.0: [8086:1e10] type 01 class 0x060400",
"pci 0000:00:1c.0: PME# supported from D0 D3hot D3cold",
"pci 0000:00:1c.1: [8086:1e12] type 01 class 0x060400",
"pci 0000:00:1c.1: PME# supported from D0 D3hot D3cold",
"pci 0000:00:1c.3: [8086:1e16] type 01 class 0x060400",
"pci 0000:00:1c.3: PME# supported from D0 D3hot D3cold",
"pci 0000:00:1c.3: System wakeup disabled by ACPI",
"pci 0000:00:1d.0: [8086:1e26] type 00 class 0x0c0320",
"pci 0000:00:1d.0: reg 0x10: [mem 0xf7a17000-0xf7a173ff]",
"pci 0000:00:1d.0: PME# supported from D0 D3hot D3cold",
"pci 0000:00:1d.0: System wakeup disabled by ACPI",
"pci 0000:00:1f.0: [8086:1e59] type 00 class 0x060100",
"pci 0000:00:1f.2: [8086:1e03] type 00 class 0x010601",
"pci 0000:00:1f.2: reg 0x10: [io  0xf0b0-0xf0b7]",
"pci 0000:00:1f.2: reg 0x14: [io  0xf0a0-0xf0a3]",
"pci 0000:00:1f.2: reg 0x18: [io  0xf090-0xf097]",
"pci 0000:00:1f.2: reg 0x1c: [io  0xf080-0xf083]",
"pci 0000:00:1f.2: reg 0x20: [io  0xf060-0xf07f]",
"pci 0000:00:1f.2: reg 0x24: [mem 0xf7a16000-0xf7a167ff]",
"pci 0000:00:1f.2: PME# supported from D3hot",
"pci 0000:00:1f.3: [8086:1e22] type 00 class 0x0c0500",
"pci 0000:00:1f.3: reg 0x10: [mem 0xf7a15000-0xf7a150ff 64bit]",
"pci 0000:00:1f.3: reg 0x20: [io  0xf040-0xf05f]",
"pci 0000:01:00.0: [10de:0fd1] type 00 class 0x030000",
"pci 0000:01:00.0: reg 0x10: [mem 0xf6000000-0xf6ffffff]",
"pci 0000:01:00.0: reg 0x14: [mem 0xe0000000-0xefffffff 64bit pref]",
"pci 0000:01:00.0: reg 0x1c: [mem 0xf0000000-0xf1ffffff 64bit pref]",
"pci 0000:01:00.0: reg 0x24: [io  0xe000-0xe07f]",
"pci 0000:01:00.0: reg 0x30: [mem 0xf7000000-0xf707ffff pref]",
"pci 0000:00:01.0: PCI bridge to [bus 01]",
"pci 0000:00:01.0:   bridge window [io  0xe000-0xefff]",
"pci 0000:00:01.0:   bridge window [mem 0xf6000000-0xf70fffff]",
"pci 0000:00:01.0:   bridge window [mem 0xe0000000-0xf1ffffff 64bit pref]",
"pci 0000:00:1c.0: PCI bridge to [bus 02]",
"pci 0000:03:00.0: [8086:0887] type 00 class 0x028000",
"pci 0000:03:00.0: reg 0x10: [mem 0xf7900000-0xf7901fff 64bit]",
"pci 0000:03:00.0: PME# supported from D0 D3hot D3cold",
"pci 0000:03:00.0: System wakeup disabled by ACPI",
"pci 0000:00:1c.1: PCI bridge to [bus 03]",
"pci 0000:00:1c.1:   bridge window [mem 0xf7900000-0xf79fffff]",
"pci 0000:04:00.0: [1969:1091] type 00 class 0x020000",
"pci 0000:04:00.0: reg 0x10: [mem 0xf7800000-0xf783ffff 64bit]",
"pci 0000:04:00.0: reg 0x18: [io  0xd000-0xd07f]",
"pci 0000:04:00.0: PME# supported from D0 D1 D2 D3hot D3cold",
"pci 0000:04:00.0: System wakeup disabled by ACPI",
"pci 0000:00:1c.3: PCI bridge to [bus 04]",
"pci 0000:00:1c.3:   bridge window [io  0xd000-0xdfff]",
"pci 0000:00:1c.3:   bridge window [mem 0xf7800000-0xf78fffff]",
"ACPI: PCI Interrupt Link [LNKA] (IRQs 3 4 5 6 7 10 11 12) *0, disabled.",
"ACPI: PCI Interrupt Link [LNKB] (IRQs 3 4 5 6 7 10 12) *0, disabled.",
"ACPI: PCI Interrupt Link [LNKC] (IRQs 3 4 5 6 7 10 12) *0, disabled.",
"ACPI: PCI Interrupt Link [LNKD] (IRQs 3 4 5 6 7 10 12) *0, disabled.",
"ACPI: PCI Interrupt Link [LNKE] (IRQs 3 4 5 6 7 10 12) *0, disabled.",
"ACPI: PCI Interrupt Link [LNKF] (IRQs 3 4 5 6 7 10 12) *0, disabled.",
"ACPI: PCI Interrupt Link [LNKG] (IRQs 3 4 5 6 7 10 12) *0, disabled.",
"ACPI: PCI Interrupt Link [LNKH] (IRQs 3 4 5 6 7 10 12) *0, disabled.",
"ACPI: Enabled 4 GPEs in block 00 to 3F",
"ACPI : EC: GPE = 0x19, I/O: command/status = 0x66, data = 0x62",
"vgaarb: setting as boot device: PCI:0000:00:02.0",
"vgaarb: device added: PCI:0000:00:02.0,decodes=io+mem,owns=io+mem,locks=none",
"vgaarb: device added: PCI:0000:01:00.0,decodes=io+mem,owns=none,locks=none",
"vgaarb: loaded",
"vgaarb: bridge control possible 0000:01:00.0",
"vgaarb: no bridge control possible 0000:00:02.0",
"SCSI subsystem initialized",
"libata version 3.00 loaded.",
"ACPI: bus type USB registered",
"usbcore: registered new interface driver usbfs",
"usbcore: registered new interface driver hub",
"usbcore: registered new device driver usb",
"PCI: Using ACPI for IRQ routing",
"PCI: pci_cache_line_size set to 64 bytes",
"e820: reserve RAM buffer [mem 0x0009e000-0x0009ffff]",
"e820: reserve RAM buffer [mem 0x40004000-0x43ffffff]",
"e820: reserve RAM buffer [mem 0xc9747000-0xcbffffff]",
"e820: reserve RAM buffer [mem 0xc9d61000-0xcbffffff]",
"e820: reserve RAM buffer [mem 0xc9d69000-0xcbffffff]",
"e820: reserve RAM buffer [mem 0xc9f07000-0xcbffffff]",
"e820: reserve RAM buffer [mem 0xc9f54000-0xcbffffff]",
"e820: reserve RAM buffer [mem 0xc9f7d000-0xcbffffff]",
"e820: reserve RAM buffer [mem 0xc9f96000-0xcbffffff]",
"e820: reserve RAM buffer [mem 0xc9fa4000-0xcbffffff]",
"e820: reserve RAM buffer [mem 0xc9fb4000-0xcbffffff]",
"e820: reserve RAM buffer [mem 0xc9fc0000-0xcbffffff]",
"e820: reserve RAM buffer [mem 0xc9ff1000-0xcbffffff]",
"e820: reserve RAM buffer [mem 0xca002000-0xcbffffff]",
"e820: reserve RAM buffer [mem 0xca03d000-0xcbffffff]",
"e820: reserve RAM buffer [mem 0xca03f000-0xcbffffff]",
"e820: reserve RAM buffer [mem 0xca042000-0xcbffffff]",
"e820: reserve RAM buffer [mem 0xca05e000-0xcbffffff]",
"e820: reserve RAM buffer [mem 0xca888000-0xcbffffff]",
"e820: reserve RAM buffer [mem 0xcacd8000-0xcbffffff]",
"e820: reserve RAM buffer [mem 0xcb000000-0xcbffffff]",
"e820: reserve RAM buffer [mem 0x42f200000-0x42fffffff]",
"NetLabel: Initializing",
"NetLabel:  domain hash size = 128",
"NetLabel:  protocols = UNLABELED CIPSOv4",
"NetLabel:  unlabeled traffic allowed by default",
"hpet0: at MMIO 0xfed00000, IRQs 2, 8, 0, 0, 0, 0, 0, 0",
"hpet0: 8 comparators, 64-bit 14.318180 MHz counter",
"Switched to clocksource hpet",
"AppArmor: AppArmor Filesystem Enabled",
"pnp: PnP ACPI init",
"system 00:00: [mem 0xfed40000-0xfed44fff] has been reserved",
"system 00:00: Plug and Play ACPI device, IDs PNP0c01 (active)",
"system 00:01: [io  0x0680-0x069f] has been reserved",
"system 00:01: [io  0x1000-0x100f] has been reserved",
"system 00:01: [io  0xffff] has been reserved",
"system 00:01: [io  0xffff] has been reserved",
"system 00:01: [io  0x0400-0x0453] could not be reserved",
"system 00:01: [io  0x0458-0x047f] has been reserved",
"system 00:01: [io  0x0500-0x057f] has been reserved",
"system 00:01: [io  0x164e-0x164f] has been reserved",
"system 00:01: Plug and Play ACPI device, IDs PNP0c02 (active)",
"pnp 00:02: Plug and Play ACPI device, IDs PNP0b00 (active)",
"system 00:03: [io  0x0454-0x0457] has been reserved",
"system 00:03: Plug and Play ACPI device, IDs INT3f0d PNP0c02 (active)",
"system 00:04: [io  0x04d0-0x04d1] has been reserved",
"system 00:04: Plug and Play ACPI device, IDs PNP0c02 (active)",
"pnp 00:05: Plug and Play ACPI device, IDs ETD0108 SYN0a00 SYN0002 PNP0f03 PNP0f13 PNP0f12 (active)",
"pnp 00:06: Plug and Play ACPI device, IDs ATK3001 PNP030b (active)",
"system 00:07: [mem 0xfed1c000-0xfed1ffff] has been reserved",
"system 00:07: [mem 0xfed10000-0xfed17fff] has been reserved",
"system 00:07: [mem 0xfed18000-0xfed18fff] has been reserved",
"system 00:07: [mem 0xfed19000-0xfed19fff] has been reserved",
"system 00:07: [mem 0xf8000000-0xfbffffff] has been reserved",
"system 00:07: [mem 0xfed20000-0xfed3ffff] has been reserved",
"system 00:07: [mem 0xfed90000-0xfed93fff] has been reserved",
"system 00:07: [mem 0xfed45000-0xfed8ffff] has been reserved",
"system 00:07: [mem 0xff000000-0xffffffff] has been reserved",
"system 00:07: [mem 0xfee00000-0xfeefffff] could not be reserved",
"system 00:07: [mem 0xcfe00000-0xcfe00fff] has been reserved",
"system 00:07: Plug and Play ACPI device, IDs PNP0c02 (active)",
"system 00:08: [mem 0xcfe00000-0xcfe00fff] has been reserved",
"system 00:08: Plug and Play ACPI device, IDs PNP0c02 (active)",
"system 00:09: [mem 0x20000000-0x201fffff] has been reserved",
"system 00:09: [mem 0x40004000-0x40004fff] has been reserved",
"system 00:09: Plug and Play ACPI device, IDs PNP0c01 (active)",
"pnp: PnP ACPI: found 10 devices",
"pci 0000:00:01.0: PCI bridge to [bus 01]",
"pci 0000:00:01.0:   bridge window [io  0xe000-0xefff]",
"pci 0000:00:01.0:   bridge window [mem 0xf6000000-0xf70fffff]",
"pci 0000:00:01.0:   bridge window [mem 0xe0000000-0xf1ffffff 64bit pref]",
"pci 0000:00:1c.0: PCI bridge to [bus 02]",
"pci 0000:00:1c.1: PCI bridge to [bus 03]",
"pci 0000:00:1c.1:   bridge window [mem 0xf7900000-0xf79fffff]",
"pci 0000:00:1c.3: PCI bridge to [bus 04]",
"pci 0000:00:1c.3:   bridge window [io  0xd000-0xdfff]",
"pci 0000:00:1c.3:   bridge window [mem 0xf7800000-0xf78fffff]",
"pci_bus 0000:00: resource 4 [io  0x0000-0x0cf7]",
"pci_bus 0000:00: resource 5 [io  0x0d00-0xffff]",
"pci_bus 0000:00: resource 6 [mem 0x000a0000-0x000bffff]",
"pci_bus 0000:00: resource 7 [mem 0x000c0000-0x000c3fff]",
"pci_bus 0000:00: resource 8 [mem 0x000c4000-0x000c7fff]",
"pci_bus 0000:00: resource 9 [mem 0x000c8000-0x000cbfff]",
"pci_bus 0000:00: resource 10 [mem 0x000cc000-0x000cffff]",
"pci_bus 0000:00: resource 11 [mem 0x000d0000-0x000d3fff]",
"pci_bus 0000:00: resource 12 [mem 0x000d4000-0x000d7fff]",
"pci_bus 0000:00: resource 13 [mem 0x000d8000-0x000dbfff]",
"pci_bus 0000:00: resource 14 [mem 0x000dc000-0x000dffff]",
"pci_bus 0000:00: resource 15 [mem 0xcfe00000-0xfeafffff]",
"pci_bus 0000:01: resource 0 [io  0xe000-0xefff]",
"pci_bus 0000:01: resource 1 [mem 0xf6000000-0xf70fffff]",
"pci_bus 0000:01: resource 2 [mem 0xe0000000-0xf1ffffff 64bit pref]",
"pci_bus 0000:03: resource 1 [mem 0xf7900000-0xf79fffff]",
"pci_bus 0000:04: resource 0 [io  0xd000-0xdfff]",
"pci_bus 0000:04: resource 1 [mem 0xf7800000-0xf78fffff]",
"NET: Registered protocol family 2",
"TCP established hash table entries: 131072 (order: 8, 1048576 bytes)",
"TCP bind hash table entries: 65536 (order: 8, 1048576 bytes)",
"TCP: Hash tables configured (established 131072 bind 65536)",
"TCP: reno registered",
"UDP hash table entries: 8192 (order: 6, 262144 bytes)",
"UDP-Lite hash table entries: 8192 (order: 6, 262144 bytes)",
"NET: Registered protocol family 1",
"pci 0000:00:02.0: Video device with shadowed ROM",
"pci 0000:04:00.0: set MSI_INTX_DISABLE_BUG flag",
"PCI: CLS 64 bytes, default 64",
"Trying to unpack rootfs image as initramfs...",
"Freeing initrd memory: 20476K (ffff8800357f2000 - ffff880036bf1000)",
"PCI-DMA: Using software bounce buffering for IO (SWIOTLB)",
"software IO TLB [mem 0xc406c000-0xc806c000] (64MB) mapped at [ffff8800c406c000-ffff8800c806bfff]",
"RAPL PMU detected, hw unit 2^-16 Joules, API unit is 2^-32 Joules, 3 fixed counters 163840 ms ovfl timer",
"microcode: CPU0 sig=0x306a9, pf=0x10, revision=0x1b",
"microcode: CPU1 sig=0x306a9, pf=0x10, revision=0x1b",
"microcode: CPU2 sig=0x306a9, pf=0x10, revision=0x1b",
"microcode: CPU3 sig=0x306a9, pf=0x10, revision=0x1b",
"microcode: CPU4 sig=0x306a9, pf=0x10, revision=0x1b",
"microcode: CPU5 sig=0x306a9, pf=0x10, revision=0x1b",
"microcode: CPU6 sig=0x306a9, pf=0x10, revision=0x1b",
"microcode: CPU7 sig=0x306a9, pf=0x10, revision=0x1b",
"microcode: Microcode Update Driver: v2.00 <tigran@aivazian.fsnet.co.uk>, Peter Oruba",
"Scanning for low memory corruption every 60 seconds",
"futex hash table entries: 2048 (order: 5, 131072 bytes)",
"Initialise system trusted keyring",
"audit: initializing netlink subsys (disabled)",
"audit: type=2000 audit(1436506904.680:1): initialized",
"HugeTLB registered 2 MB page size, pre-allocated 0 pages",
"zpool: loaded",
"zbud: loaded",
"VFS: Disk quotas dquot_6.5.2",
"VFS: Dquot-cache hash table entries: 512 (order 0, 4096 bytes)",
"fuse init (API version 7.23)",
"Key type big_key registered",
"Key type asymmetric registered",
"Asymmetric key parser 'x509' registered",
"Block layer SCSI generic (bsg) driver version 0.4 loaded (major 252)",
"io scheduler noop registered",
"io scheduler deadline registered (default)",
"io scheduler cfq registered",
"pci_hotplug: PCI Hot Plug PCI Core version: 0.5",
"pciehp: PCI Express Hot Plug Controller Driver version: 0.4",
"efifb: probing for efifb",
"efifb: framebuffer at 0xd0000000, mapped to 0xffffc90005c00000, using 8128k, total 8128k",
"efifb: mode is 1920x1080x32, linelength=7680, pages=1",
"efifb: scrolling: redraw",
"efifb: Truecolor: size=8:8:8:8, shift=24:16:8:0",
"Console: switching to colour frame buffer device 240x67",
"fb0: EFI VGA frame buffer device",
"intel_idle: MWAIT substates: 0x21120",
"intel_idle: v0.4 model 0x3A",
"intel_idle: lapic_timer_reliable_states 0xffffffff",
"ACPI: AC Adapter [AC0] (on-line)",
"input: Lid Switch as /devices/LNXSYSTM:00/LNXSYBUS:00/PNP0C0D:00/input/input0",
"ACPI: Lid Switch [LID]",
"input: Sleep Button as /devices/LNXSYSTM:00/LNXSYBUS:00/PNP0C0E:00/input/input1",
"ACPI: Sleep Button [SLPB]",
"input: Power Button as /devices/LNXSYSTM:00/LNXPWRBN:00/input/input2",
"ACPI: Power Button [PWRF]",
"thermal LNXTHERM:00: registered as thermal_zone0",
"ACPI: Thermal Zone [THRM] (68 C)",
"GHES: HEST is not enabled!",
"Serial: 8250/16550 driver, 32 ports, IRQ sharing enabled",
"Linux agpgart interface v0.103",
"brd: module loaded",
"loop: module loaded",
"libphy: Fixed MDIO Bus: probed",
"tun: Universal TUN/TAP device driver, 1.6",
"tun: (C) 1999-2004 Max Krasnyansky <maxk@qualcomm.com>",
"PPP generic driver version 2.4.2",
"xhci_hcd 0000:00:14.0: xHCI Host Controller",
"xhci_hcd 0000:00:14.0: new USB bus registered, assigned bus number 1",
"xhci_hcd 0000:00:14.0: cache line size of 64 is not supported",
"usb usb1: New USB device found, idVendor=1d6b, idProduct=0002",
"usb usb1: New USB device strings: Mfr=3, Product=2, SerialNumber=1",
"usb usb1: Product: xHCI Host Controller",
"usb usb1: Manufacturer: Linux 3.19.0-21-generic xhci-hcd",
"usb usb1: SerialNumber: 0000:00:14.0",
"hub 1-0:1.0: USB hub found",
"hub 1-0:1.0: 4 ports detected",
"xhci_hcd 0000:00:14.0: xHCI Host Controller",
"xhci_hcd 0000:00:14.0: new USB bus registered, assigned bus number 2",
"usb usb2: New USB device found, idVendor=1d6b, idProduct=0003",
"usb usb2: New USB device strings: Mfr=3, Product=2, SerialNumber=1",
"usb usb2: Product: xHCI Host Controller",
"usb usb2: Manufacturer: Linux 3.19.0-21-generic xhci-hcd",
"usb usb2: SerialNumber: 0000:00:14.0",
"hub 2-0:1.0: USB hub found",
"hub 2-0:1.0: 4 ports detected",
"ehci_hcd: USB 2.0 'Enhanced' Host Controller (EHCI) Driver",
"ehci-pci: EHCI PCI platform driver",
"ehci-pci 0000:00:1a.0: EHCI Host Controller",
"ehci-pci 0000:00:1a.0: new USB bus registered, assigned bus number 3",
"ehci-pci 0000:00:1a.0: debug port 2",
"ehci-pci 0000:00:1a.0: cache line size of 64 is not supported",
"ehci-pci 0000:00:1a.0: irq 16, io mem 0xf7a18000",
"ehci-pci 0000:00:1a.0: USB 2.0 started, EHCI 1.00",
"usb usb3: New USB device found, idVendor=1d6b, idProduct=0002",
"usb usb3: New USB device strings: Mfr=3, Product=2, SerialNumber=1",
"usb usb3: Product: EHCI Host Controller",
"usb usb3: Manufacturer: Linux 3.19.0-21-generic ehci_hcd",
"usb usb3: SerialNumber: 0000:00:1a.0",
"hub 3-0:1.0: USB hub found",
"hub 3-0:1.0: 2 ports detected",
"ehci-pci 0000:00:1d.0: EHCI Host Controller",
"ehci-pci 0000:00:1d.0: new USB bus registered, assigned bus number 4",
"ehci-pci 0000:00:1d.0: debug port 2",
"ehci-pci 0000:00:1d.0: cache line size of 64 is not supported",
"ehci-pci 0000:00:1d.0: irq 23, io mem 0xf7a17000",
"ehci-pci 0000:00:1d.0: USB 2.0 started, EHCI 1.00",
"usb usb4: New USB device found, idVendor=1d6b, idProduct=0002",
"usb usb4: New USB device strings: Mfr=3, Product=2, SerialNumber=1",
"usb usb4: Product: EHCI Host Controller",
"usb usb4: Manufacturer: Linux 3.19.0-21-generic ehci_hcd",
"usb usb4: SerialNumber: 0000:00:1d.0",
"hub 4-0:1.0: USB hub found",
"hub 4-0:1.0: 2 ports detected",
"ehci-platform: EHCI generic platform driver",
"ohci_hcd: USB 1.1 'Open' Host Controller (OHCI) Driver",
"ohci-pci: OHCI PCI platform driver",
"ohci-platform: OHCI generic platform driver",
"uhci_hcd: USB Universal Host Controller Interface driver",
"i8042: PNP: PS/2 Controller [PNP030b:PS2K,PNP0f03:PS2M] at 0x60,0x64 irq 1,12",
"i8042: Detected active multiplexing controller, rev 1.1",
"serio: i8042 KBD port at 0x60,0x64 irq 1",
"serio: i8042 AUX0 port at 0x60,0x64 irq 12",
"serio: i8042 AUX1 port at 0x60,0x64 irq 12",
"serio: i8042 AUX2 port at 0x60,0x64 irq 12",
"serio: i8042 AUX3 port at 0x60,0x64 irq 12",
"mousedev: PS/2 mouse device common for all mice",
"rtc_cmos 00:02: RTC can wake from S4",
"rtc_cmos 00:02: rtc core: registered rtc_cmos as rtc0",
"rtc_cmos 00:02: alarms up to one month, y3k, 242 bytes nvram, hpet irqs",
"i2c /dev entries driver",
"device-mapper: uevent: version 1.0.3",
"device-mapper: ioctl: 4.29.0-ioctl (2014-10-28) initialised: dm-devel@redhat.com",
"Intel P-state driver initializing.",
"Consider also installing thermald for improved thermal control.",
"ledtrig-cpu: registered to indicate activity on CPUs",
"EFI Variables Facility v0.08 2004-May-17",
"PCCT header not found.",
"ACPI PCC probe failed.",
"TCP: cubic registered",
"NET: Registered protocol family 10",
"NET: Registered protocol family 17",
"Key type dns_resolver registered",
"Loading compiled-in X.509 certificates",
"Loaded X.509 cert 'Magrathea: Glacier signing key: 333a84cc9705ddb26e1cdce388afcedc2deff761'",
"registered taskstats version 1",
"Key type trusted registered",
"Key type encrypted registered",
"AppArmor: AppArmor sha1 policy hashing enabled",
"ima: No TPM chip found, activating TPM-bypass!",
"evm: HMAC attrs: 0x1",
"  Magic number: 7:417:668",
"rtc_cmos 00:02: setting system clock to 2015-07-10 05:41:45 UTC (1436506905)",
"BIOS EDD facility v0.16 2004-Jun-25, 0 devices found",
"EDD information not available.",
"PM: Hibernation image not present or could not be loaded.",
"input: AT Translated Set 2 keyboard as /devices/platform/i8042/serio0/input/input3",
"ACPI: Battery Slot [BAT0] (battery present)",
"Freeing unused kernel memory: 1408K (ffffffff81d36000 - ffffffff81e96000)",
"Write protecting the kernel read-only data: 12288k",
"Freeing unused kernel memory: 180K (ffff8800017d3000 - ffff880001800000)",
"Freeing unused kernel memory: 344K (ffff880001baa000 - ffff880001c00000)",
"random: systemd-udevd urandom read with 11 bits of entropy available",
"ahci 0000:00:1f.2: version 3.0",
"alx 0000:04:00.0 eth0: Qualcomm Atheros AR816x/AR817x Ethernet [60:a4:4c:71:63:bd]",
"ahci 0000:00:1f.2: AHCI 0001.0300 32 slots 6 ports 6 Gbps 0x5 impl SATA mode",
"ahci 0000:00:1f.2: flags: 64bit ncq pm led clo pio slum part ems apst ",
"scsi host0: ahci",
"scsi host1: ahci",
"scsi host2: ahci",
"scsi host3: ahci",
"scsi host4: ahci",
"scsi host5: ahci",
"ata1: SATA max UDMA/133 abar m2048@0xf7a16000 port 0xf7a16100 irq 26",
"ata2: DUMMY",
"ata3: SATA max UDMA/133 abar m2048@0xf7a16000 port 0xf7a16200 irq 26",
"ata4: DUMMY",
"ata5: DUMMY",
"ata6: DUMMY",
"usb 3-1: new high-speed USB device number 2 using ehci-pci",
"usb 4-1: new high-speed USB device number 2 using ehci-pci",
"usb 3-1: New USB device found, idVendor=8087, idProduct=0024",
"usb 3-1: New USB device strings: Mfr=0, Product=0, SerialNumber=0",
"hub 3-1:1.0: USB hub found",
"hub 3-1:1.0: 6 ports detected",
"usb 4-1: New USB device found, idVendor=8087, idProduct=0024",
"usb 4-1: New USB device strings: Mfr=0, Product=0, SerialNumber=0",
"hub 4-1:1.0: USB hub found",
"hub 4-1:1.0: 6 ports detected",
"ata1: SATA link up 6.0 Gbps (SStatus 133 SControl 300)",
"ata3: SATA link up 1.5 Gbps (SStatus 113 SControl 300)",
"ata1.00: ACPI cmd f5/00:00:00:00:00:a0 (SECURITY FREEZE LOCK) filtered out",
"ata1.00: ACPI cmd ef/10:06:00:00:00:a0 (SET FEATURES) succeeded",
"ata1.00: ACPI cmd ef/10:03:00:00:00:a0 (SET FEATURES) filtered out",
"ata1.00: ATA-9: M4-CT512M4SSD2, 070H, max UDMA/100",
"ata1.00: 1000215216 sectors, multi 16: LBA48 NCQ (depth 31/32), AA",
"ata1.00: ACPI cmd f5/00:00:00:00:00:a0 (SECURITY FREEZE LOCK) filtered out",
"ata1.00: ACPI cmd ef/10:06:00:00:00:a0 (SET FEATURES) succeeded",
"ata1.00: ACPI cmd ef/10:03:00:00:00:a0 (SET FEATURES) filtered out",
"ata3.00: ACPI cmd ef/10:06:00:00:00:a0 (SET FEATURES) succeeded",
"ata3.00: ACPI cmd ef/10:03:00:00:00:a0 (SET FEATURES) filtered out",
"ata1.00: configured for UDMA/100",
"scsi 0:0:0:0: Direct-Access     ATA      M4-CT512M4SSD2   070H PQ: 0 ANSI: 5",
"sd 0:0:0:0: [sda] 1000215216 512-byte logical blocks: (512 GB/476 GiB)",
"sd 0:0:0:0: Attached scsi generic sg0 type 0",
"sd 0:0:0:0: [sda] Write Protect is off",
"sd 0:0:0:0: [sda] Mode Sense: 00 3a 00 00",
"sd 0:0:0:0: [sda] Write cache: enabled, read cache: enabled, doesn't support DPO or FUA",
"ata3.00: ATAPI: MATSHITABD-CMB UJ160, 1.00, max UDMA/133",
" sda: sda1 sda2 sda4 sda5 sda7",
"sd 0:0:0:0: [sda] Attached SCSI disk",
"ata3.00: ACPI cmd ef/10:06:00:00:00:a0 (SET FEATURES) succeeded",
"ata3.00: ACPI cmd ef/10:03:00:00:00:a0 (SET FEATURES) filtered out",
"ata3.00: configured for UDMA/133",
"scsi 2:0:0:0: CD-ROM            MATSHITA BD-CMB UJ160     1.00 PQ: 0 ANSI: 5",
"sr 2:0:0:0: [sr0] scsi3-mmc drive: 24x/24x writer dvd-ram cd/rw xa/form2 cdda tray",
"cdrom: Uniform CD-ROM driver Revision: 3.20",
"sr 2:0:0:0: Attached scsi CD-ROM sr0",
"sr 2:0:0:0: Attached scsi generic sg1 type 5",
"EXT4-fs (sda4): INFO: recovery required on readonly filesystem",
"EXT4-fs (sda4): write access will be enabled during recovery",
"EXT4-fs (sda4): recovery complete",
"EXT4-fs (sda4): mounted filesystem with ordered data mode. Opts: (null)",
"usb 3-1.1: new full-speed USB device number 3 using ehci-pci",
"usb 3-1.1: New USB device found, idVendor=8087, idProduct=07da",
"usb 3-1.1: New USB device strings: Mfr=0, Product=0, SerialNumber=0",
"systemd[1]: RTC configured in localtime, applying delta of 480 minutes to system time.",
"systemd[1]: Inserted module 'autofs4'",
"usb 3-1.3: new high-speed USB device number 4 using ehci-pci",
"tsc: Refined TSC clocksource calibration: 2394.560 MHz",
"usb 3-1.3: New USB device found, idVendor=1bcf, idProduct=2883",
"usb 3-1.3: New USB device strings: Mfr=1, Product=2, SerialNumber=0",
"usb 3-1.3: Product: ASUS USB2.0 Webcam",
"usb 3-1.3: Manufacturer: 04G626000611BQ32E0008V1",
"psmouse serio4: elantech: assuming hardware version 4 (with firmware version 0x361f03)",
"psmouse serio4: elantech: Synaptics capabilities query result 0x10, 0x15, 0x0d.",
"input: ETPS/2 Elantech Touchpad as /devices/platform/i8042/serio4/input/input11",
"systemd[1]: systemd 219 running in system mode. (+PAM +AUDIT +SELINUX +IMA +APPARMOR +SMACK +SYSVINIT +UTMP +LIBCRYPTSETUP +GCRYPT -GNUTLS +ACL +XZ -LZ4 -SECCOMP +BLKID -ELFUTILS +KMOD -IDN)",
"systemd[1]: Detected architecture x86-64.",
"systemd[1]: Set hostname to <beezlebub>.",
"Switched to clocksource tsc",
"systemd[1]: Cannot add dependency job for unit docker.socket, ignoring: Unit docker.socket is masked.",
"systemd[1]: Reached target Encrypted Volumes.",
"systemd[1]: Starting Encrypted Volumes.",
"systemd[1]: Created slice Root Slice.",
"systemd[1]: Starting Root Slice.",
"systemd[1]: Created slice System Slice.",
"systemd[1]: Starting System Slice.",
"systemd[1]: Reached target Remote File Systems (Pre).",
"systemd[1]: Starting Remote File Systems (Pre).",
"systemd[1]: Started Forward Password Requests to Wall Directory Watch.",
"systemd[1]: Starting Forward Password Requests to Wall Directory Watch.",
"systemd[1]: Listening on fsck to fsckd communication Socket.",
"systemd[1]: Starting fsck to fsckd communication Socket.",
"systemd[1]: Listening on Journal Audit Socket.",
"systemd[1]: Starting Journal Audit Socket.",
"systemd[1]: Listening on Journal Socket.",
"systemd[1]: Starting Journal Socket.",
"systemd[1]: Mounting Debug File System...",
"systemd[1]: Started Braille Device Support.",
"systemd[1]: Starting Braille Device Support...",
"systemd[1]: Mounting POSIX Message Queue File System...",
"systemd[1]: Starting Uncomplicated firewall...",
"systemd[1]: Created slice system-systemd\x2dfsck.slice.",
"systemd[1]: Starting system-systemd\x2dfsck.slice.",
"systemd[1]: Starting Nameserver information manager...",
"systemd[1]: Starting Increase datagram queue length...",
"systemd[1]: Listening on udev Control Socket.",
"systemd[1]: Starting udev Control Socket.",
"systemd[1]: Started Read required files in advance.",
"systemd[1]: Starting Read required files in advance...",
"systemd[1]: Listening on Delayed Shutdown Socket.",
"systemd[1]: Starting Delayed Shutdown Socket.",
"systemd[1]: Set up automount Arbitrary Executable File Formats File System Automount Point.",
"systemd[1]: Starting Arbitrary Executable File Formats File System Automount Point.",
"systemd[1]: Started Set Up Additional Binary Formats.",
"systemd[1]: Listening on udev Kernel Socket.",
"systemd[1]: Starting udev Kernel Socket.",
"systemd[1]: Starting Setup Virtual Console...",
"systemd[1]: Listening on /dev/initctl Compatibility Named Pipe.",
"systemd[1]: Starting /dev/initctl Compatibility Named Pipe.",
"systemd[1]: Starting udev Coldplug all Devices...",
"systemd[1]: Starting Create list of required static device nodes for the current kernel...",
"systemd[1]: Created slice system-getty.slice.",
"systemd[1]: Starting system-getty.slice.",
"systemd[1]: Created slice User and Session Slice.",
"systemd[1]: Starting User and Session Slice.",
"systemd[1]: Reached target Slices.",
"systemd[1]: Starting Slices.",
"systemd[1]: Mounting Huge Pages File System...",
"systemd[1]: Listening on Journal Socket (/dev/log).",
"systemd[1]: Starting Journal Socket (/dev/log).",
"systemd[1]: Starting Load Kernel Modules...",
"systemd[1]: Mounted POSIX Message Queue File System.",
"systemd[1]: Mounted Huge Pages File System.",
"systemd[1]: Mounted Debug File System.",
"systemd[1]: Started Uncomplicated firewall.",
"systemd[1]: Started Increase datagram queue length.",
"systemd[1]: Started Setup Virtual Console.",
"systemd[1]: Started Create list of required static device nodes for the current kernel.",
"systemd[1]: Started Nameserver information manager.",
"lp: driver loaded but no devices found",
"systemd[1]: Started udev Coldplug all Devices.",
"ppdev: user-space parallel port driver",
"systemd[1]: Starting udev Wait for Complete Device Initialization...",
"systemd[1]: Starting Create Static Device Nodes in /dev...",
"systemd[1]: Listening on Syslog Socket.",
"systemd[1]: Starting Syslog Socket.",
"systemd[1]: Starting Journal Service...",
"systemd[1]: Started Load Kernel Modules.",
"systemd[1]: Starting Apply Kernel Variables...",
"systemd[1]: Mounted Configuration File System.",
"systemd[1]: Mounting FUSE Control File System...",
"systemd[1]: Mounted FUSE Control File System.",
"systemd[1]: Started Create Static Device Nodes in /dev.",
"systemd[1]: Starting udev Kernel Device Manager...",
"systemd[1]: Started Apply Kernel Variables.",
"systemd[1]: Started Journal Service.",
"random: nonblocking pool is initialized",
"wmi: Mapper loaded",
"shpchp: Standard Hot Plug PCI Controller Driver version: 0.4",
"ACPI Warning: SystemIO range 0x0000000000000428-0x000000000000042f conflicts with OpRegion 0x0000000000000400-0x000000000000044f (\GPIS) (20141107/utaddress-258)",
"ACPI Warning: SystemIO range 0x0000000000000428-0x000000000000042f conflicts with OpRegion 0x0000000000000400-0x000000000000047f (\PMIO) (20141107/utaddress-258)",
"ACPI: This conflict may cause random problems and system instability",
"ACPI: If an ACPI driver is available for this device, you should use it instead of the native driver",
"ACPI Warning: SystemIO range 0x0000000000000540-0x000000000000054f conflicts with OpRegion 0x0000000000000500-0x000000000000057f (\GPIO) (20141107/utaddress-258)",
"ACPI Warning: SystemIO range 0x0000000000000540-0x000000000000054f conflicts with OpRegion 0x0000000000000500-0x0000000000000563 (\GP01) (20141107/utaddress-258)",
"ACPI: This conflict may cause random problems and system instability",
"ACPI: If an ACPI driver is available for this device, you should use it instead of the native driver",
"ACPI Warning: SystemIO range 0x0000000000000530-0x000000000000053f conflicts with OpRegion 0x0000000000000500-0x000000000000057f (\GPIO) (20141107/utaddress-258)",
"ACPI Warning: SystemIO range 0x0000000000000530-0x000000000000053f conflicts with OpRegion 0x0000000000000500-0x0000000000000563 (\GP01) (20141107/utaddress-258)",
"ACPI: This conflict may cause random problems and system instability",
"ACPI: If an ACPI driver is available for this device, you should use it instead of the native driver",
"ACPI Warning: SystemIO range 0x0000000000000500-0x000000000000052f conflicts with OpRegion 0x0000000000000500-0x000000000000057f (\GPIO) (20141107/utaddress-258)",
"ACPI Warning: SystemIO range 0x0000000000000500-0x000000000000052f conflicts with OpRegion 0x0000000000000500-0x0000000000000563 (\GP01) (20141107/utaddress-258)",
"ACPI: This conflict may cause random problems and system instability",
"ACPI: If an ACPI driver is available for this device, you should use it instead of the native driver",
"[drm] Initialized drm 1.1.0 20060810",
"cfg80211: Calling CRDA to update world regulatory domain",
"Intel(R) Wireless WiFi driver for Linux, in-tree:",
"Copyright(c) 2003- 2014 Intel Corporation",
"iwlwifi 0000:03:00.0: can't disable ASPM; OS doesn't have ASPM control",
"AVX version of gcm_enc/dec engaged.",
"AES CTR mode by8 optimization enabled",
"iwlwifi 0000:03:00.0: loaded firmware version 18.168.6.1 op_mode iwldvm",
"device-mapper: multipath: version 1.7.0 loaded",
"[drm] Memory usable by graphics device = 2048M",
"checking generic (d0000000 7f0000) vs hw (d0000000 10000000)",
"fb: switching to inteldrmfb from EFI VGA",
"Console: switching to colour dummy device 80x25",
"[drm] Replacing VGA console driver",
"media: Linux media interface: v0.10",
"Bluetooth: Core ver 2.20",
"iwlwifi 0000:03:00.0: CONFIG_IWLWIFI_DEBUG disabled",
"iwlwifi 0000:03:00.0: CONFIG_IWLWIFI_DEBUGFS enabled",
"iwlwifi 0000:03:00.0: CONFIG_IWLWIFI_DEVICE_TRACING enabled",
"NET: Registered protocol family 31",
"Bluetooth: HCI device and connection manager initialized",
"iwlwifi 0000:03:00.0: Detected Intel(R) Centrino(R) Wireless-N 2230 BGN, REV=0xC8",
"Bluetooth: HCI socket layer initialized",
"Bluetooth: L2CAP socket layer initialized",
"Bluetooth: SCO socket layer initialized",
"iwlwifi 0000:03:00.0: L1 Enabled - LTR Disabled",
"Linux video capture interface: v2.00",
"usbcore: registered new interface driver btusb",
"intel_rapl: Found RAPL domain package",
"intel_rapl: Found RAPL domain core",
"intel_rapl: Found RAPL domain uncore",
"[drm] Supports vblank timestamp caching Rev 2 (21.10.2013).",
"[drm] Driver supports precise vblank timestamp query.",
"vgaarb: device changed decodes: PCI:0000:00:02.0,olddecodes=io+mem,decodes=none:owns=io+mem",
"gpio_ich: GPIO from 436 to 511 on gpio_ich",
"cfg80211: World regulatory domain updated:",
"cfg80211:  DFS Master region: unset",
"cfg80211:   (start_freq - end_freq @ bandwidth), (max_antenna_gain, max_eirp), (dfs_cac_time)",
"cfg80211:   (2402000 KHz - 2472000 KHz @ 40000 KHz), (300 mBi, 2000 mBm), (N/A)",
"cfg80211:   (2457000 KHz - 2482000 KHz @ 40000 KHz), (300 mBi, 2000 mBm), (N/A)",
"cfg80211:   (2474000 KHz - 2494000 KHz @ 20000 KHz), (300 mBi, 2000 mBm), (N/A)",
"cfg80211:   (5170000 KHz - 5250000 KHz @ 40000 KHz), (300 mBi, 2000 mBm), (N/A)",
"cfg80211:   (5735000 KHz - 5835000 KHz @ 40000 KHz), (300 mBi, 2000 mBm), (N/A)",
"ieee80211 phy0: Selected rate control algorithm 'iwl-agn-rs'",
"asus_wmi: ASUS WMI generic driver loaded",
"asus_wmi: Initialization: 0x1",
"asus_wmi: BIOS WMI version: 7.9",
"asus_wmi: SFUN value: 0x6a0877",
"input: Asus WMI hotkeys as /devices/platform/asus-nb-wmi/input/input12",
"uvcvideo: Found UVC 1.00 device ASUS USB2.0 Webcam (1bcf:2883)",
"Adding 16760828k swap on /dev/sda5.  Priority:-1 extents:1 across:16760828k SSFS",
"ACPI: Video Device [PEGP] (multi-head: yes  rom: yes  post: no)",
"input: Video Bus as /devices/LNXSYSTM:00/LNXSYBUS:00/PNP0A08:00/device:02/LNXVIDEO:00/input/input13",
"ACPI: Video Device [GFX0] (multi-head: yes  rom: no  post: no)",
"input: Video Bus as /devices/LNXSYSTM:00/LNXSYBUS:00/PNP0A08:00/LNXVIDEO:01/input/input14",
"[drm] Initialized i915 1.6.0 20141121 for 0000:00:02.0 on minor 0",
"input: ASUS USB2.0 Webcam as /devices/pci0000:00/0000:00:1a.0/usb3/3-1/3-1.3/3-1.3:1.0/input/input15",
"usbcore: registered new interface driver uvcvideo",
"USB Video Class driver (1.1.1)",
"sound hdaudioC0D0: autoconfig: line_outs=2 (0x14/0x16/0x0/0x0/0x0) type:speaker",
"sound hdaudioC0D0:    speaker_outs=0 (0x0/0x0/0x0/0x0/0x0)",
"sound hdaudioC0D0:    hp_outs=1 (0x21/0x0/0x0/0x0/0x0)",
"sound hdaudioC0D0:    mono: mono_out=0x0",
"sound hdaudioC0D0:    dig-out=0x1e/0x0",
"sound hdaudioC0D0:    inputs:",
"sound hdaudioC0D0:      Internal Mic=0x19",
"sound hdaudioC0D0:      Mic=0x18",
"fbcon: inteldrmfb (fb0) is primary device",
"Console: switching to colour frame buffer device 240x67",
"i915 0000:00:02.0: fb0: inteldrmfb frame buffer device",
"i915 0000:00:02.0: registered panic notifier",
"input: HDA Intel PCH Mic as /devices/pci0000:00/0000:00:1b.0/sound/card0/input16",
"input: HDA Intel PCH Headphone as /devices/pci0000:00/0000:00:1b.0/sound/card0/input17",
"asus_wmi: Backlight controlled by ACPI video driver",
"EXT4-fs (sda4): re-mounted. Opts: errors=remount-ro",
"systemd-journald[346]: Received request to flush runtime journal from PID 1",
"EXT4-fs (sda2): mounted filesystem with ordered data mode. Opts: (null)",
"EXT4-fs (sda7): mounted filesystem with ordered data mode. Opts: (null)",
"audit: type=1400 audit(1436478108.432:2): apparmor=\"STATUS\" operation=\"profile_load\" profile=\"unconfined\" name=\"/usr/lib/lightdm/lightdm-guest-session\" pid=728 comm=\"apparmor_parser\"",
"bbswitch: version 0.7",
"bbswitch: Found integrated VGA device 0000:00:02.0: \_SB_.PCI0.GFX0",
"bbswitch: Found discrete VGA device 0000:01:00.0: \_SB_.PCI0.PEG0.PEGP",
"ACPI Warning: \_SB_.PCI0.PEG0.PEGP._DSM: Argument #4 type mismatch - Found [Buffer], ACPI requires [Package] (20141107/nsarguments-95)",
"bbswitch: detected an Optimus _DSM function",
"pci 0000:01:00.0: enabling device (0000 -> 0003)",
"bbswitch: Succesfully loaded. Discrete card 0000:01:00.0 is on",
"bbswitch: disabling discrete graphics",
"ACPI Warning: \_SB_.PCI0.PEG0.PEGP._DSM: Argument #4 type mismatch - Found [Buffer], ACPI requires [Package] (20141107/nsarguments-95)",
"Bluetooth: BNEP (Ethernet Emulation) ver 1.3",
"Bluetooth: BNEP filters: protocol multicast",
"Bluetooth: BNEP socket layer initialized",
"Bluetooth: RFCOMM TTY layer initialized",
"Bluetooth: RFCOMM socket layer initialized",
"Bluetooth: RFCOMM ver 1.11",
"iwlwifi 0000:03:00.0: L1 Enabled - LTR Disabled",
"iwlwifi 0000:03:00.0: Radio type=0x2-0x0-0x0",
"iwlwifi 0000:03:00.0: L1 Enabled - LTR Disabled",
"iwlwifi 0000:03:00.0: Radio type=0x2-0x0-0x0",
"wlan0: authenticate with 00:90:cc:ea:f4:16",
"wlan0: send auth to 00:90:cc:ea:f4:16 (try 1/3)",
"wlan0: authenticated",
"iwlwifi 0000:03:00.0 wlan0: disabling HT/VHT due to WEP/TKIP use",
"iwlwifi 0000:03:00.0 wlan0: disabling HT as WMM/QoS is not supported by the AP",
"iwlwifi 0000:03:00.0 wlan0: disabling VHT as WMM/QoS is not supported by the AP",
"wlan0: associate with 00:90:cc:ea:f4:16 (try 1/3)",
"wlan0: RX AssocResp from 00:90:cc:ea:f4:16 (capab=0x431 status=0 aid=3)",
"wlan0: associated",
"vboxdrv: Found 8 processor cores.",
"vboxdrv: fAsync=0 offMin=0x165 offMax=0x24ab",
"vboxdrv: TSC mode is 'synchronous', kernel timer mode is 'normal'.",
"vboxdrv: Successfully loaded version 4.3.26_Ubuntu (interface 0x001a000a).",
"vboxpci: IOMMU not found (not registered)",
"ip_tables: (C) 2000-2006 Netfilter Core Team",
"ip6_tables: (C) 2000-2006 Netfilter Core Team",
"Ebtables v2.0 registered",
"bridge: automatic filtering via arp/ip/ip6tables has been deprecated. Update your scripts to load br_netfilter if you need this.",
"device virbr0-nic entered promiscuous mode",
"nf_conntrack version 0.5.0 (16384 buckets, 65536 max)",
"virbr0: port 1(virbr0-nic) entered listening state",
"virbr0: port 1(virbr0-nic) entered listening state",
"virbr0: port 1(virbr0-nic) entered disabled state",
"Initialising...", ""];

var output = ["くだらない、くだらない。",
"世界はすべてくだらない。",
"踊るように、舞うように。",
"クルクルクルクル私は謳う。",
"つまらない、味気ない、見ていられない、意味がない。",
"それは真理。",
"おかしいの、みっともないのに、生きてるなんて。",
"離れたところで見下して、そうしていつもひとり勝ち。",
"偉ぶっているやつも、落ちこぼれてしまったやつも、結局何も変わらない。",
"だってあなたたち終わるじゃない。",
"みんなみんな、絶対に。",
"意味なんて何も残らないのに、どうしてそんなに必死なの。",
"価値なんて薄れて消えるのに、どうしてそこまで躍起なの。",
"あはははは、ばかみたい。",
"きっと、どこかくるっているのね。",
"これ以上なく哀れだわ。",
"涙を流して、命に縋って、何になるというのでしょう。",
"そこには常に、終わりがあるのに。",
"クルクルクルクル私は回る。",
"流れる曲はメヌエット。",
"これ以外は好きじゃない。",
"私と同じ名のこれくらいしか、私は贔屓していない。",
"世界を観て、嘲って。",
"私は笑って悦に浸る。",
"あはは、ほんとにおかしいの。",
"いつまでだって、飽きないわ。",
"床に臥せった病人も、誰もが羨む有名人も、大して違いもないのに差をつけて。",
"悔しがって、誇らしがって。",
"滑稽。",
"したくもなさそうな愛想笑いがそんなに楽しい？嘘をついて馴れ合ってまで居場所が欲しい？才能無いこと続けて、夢ばかり見ているの面白い？あなたたち、思っていることとやってること、たいてい逆ね。",
"笑えるわ。",
"短い時間、そんなことに使っていていいのかしら。",
"救えない。",
"くだらない、つまらない、くるっている、ばからしい。",
"いつもの通り思うまま。",
"何回目かのそのひとつ。",
"ずっと流れていた、メヌエットが、止んだ。",
"なるほど、世界が終わったらしい。",
"呆気のない終わりだった。",
"ふーん、そう。",
"そうなのね。",
"終わっちゃったのね、まあいいわ。",
"白紙みたいで、つまらない。",
"いつも誰かが弾いていたメヌエットはもう流れない。",
"世界が終わることは知っていたはずだけど、ちょっと困った。",
"何もないのは、寂しいものね。",
"そうだ、自分で弾けばいいじゃない。",
"すぐに出来るわ、そのくらいなら。",
"すぐにピアノを用意して、そこにそっと指を乗せる。",
"押し込めば音が鳴る。",
"とても単純。",
"でも、どうすればメヌエットになるかしら。",
"分からないなら試してみよう。",
"他にやることもないのだし。",
"白の鍵を適当に押す。",
"すると低めの音が鳴る。",
"なんだかちょっと面白い。",
"すべての音を鳴らしていって、知っている音を増やしていく。",
"どこを押せばどの音が鳴るか、次第に分かるようになる。",
"記憶の中のメヌエットを思い出して、それと同じ音を弾いてみよう。",
"始めは人差し指だけで、拙いながらも丁寧に。",
"それにもやがて慣れてきた。",
"今度は人差し指だけでなく、指のすべてを躍らせる。",
"ゆっくり、じっくり、馴染ませて。",
"そうしてメヌエットを編んでいく。",
"単調な音の連なりに抑揚をつける。",
"リズムを取ってみたりして。",
"情緒を持たせるために、鍵盤に激しく打ち込んで。",
"何度も何度も繰り返す。",
"幾星霜そうしていて、やっとメヌエットが流れ始める。",
"前に流れていたものと、まったく同じその音色。",
"ああ、これよこれ。",
"長くご無沙汰だったけど、遂にやってやったわ！通して一度弾いてみる。",
"心地の良い達成感。",
"これまでの苦労もなんのその。",
"弾き飛ばしてよメヌエット。",
"左と右の指を操って。",
"音は軽快。",
"気分は爽快。",
"それは何にも勝る喜びで、大きく大きく笑みが零れる。",
"自分で弾くのも楽しいものね。",
"いつまでだって、続けられそう。",
"愉快になって長々と。",
"ずいぶん弾いていたけれど、何故だか少し物足りない。",
"不思議に思って記憶を覗けば、抜け落ちていたのは躍動だった。",
"困ったわ。",
"これじゃあちっとも動けない。",
"ピアノを弾きながら、踊るなんて。",
"どう考えてもできやしない。",
"困ってしまって途方に暮れる。",
"どうやらここで行き止まり。",
"あーあ。",
"つまらない。",
"ぽんと押したらピアノも嘆いた。",
"突然思い出したけど、終わった世界は戻ってこない。",
"あのくだらない世界でも、無くなっては困りもの。",
"そう思うと恋しくなって、ちょっといじけて下を向く。",
"あ、ならつくってしまえばいいじゃない。",
"名案ね！跳ねるように立ち上がる。",
"人差し指を横に振って、一本真っ直ぐ線を引く。",
"それを始まりとして、世界をひとつ、つくり始める。",
"もう一度、メヌエットを流すために。",
"それはひどく単純な作業。",
"初めの線を球にして、必要なものを足していく。",
"前の世界に近づけるために、良いも悪いも一緒くた。",
"なんでもかんでも素にする。",
"捏ねて混ぜて伸ばして薄めて、世界はそうしてつくられる。",
"なかなかな出来ね。",
"悪くないわ。",
"初めてにしては良い出来でなんだかちょっと誇らしい。",
"せっかくだから、この世界はメヌエット。",
"そう名付けることにした。",
"そのための世界だし、ぴったりね。",
"あとは待つだけ、メヌエットが流れるまで。",
"でもそれだけはつまらないから、鍵盤を弾いて眺めてる。",
"たいへんそうな命たち。",
"汗水たらして働いて、前見たときと様子が違う。",
"ふうん。",
"ずっと同じことをしているようで、少し違うのね、あなたたち。",
"まだまだ当分、メヌエットは流れそうにない。",
"悟って、前みたいに世界を観てる。",
"服も着ずに外を歩いて、たまに獣に襲われる。",
"同じ仲間で相争って、それで両方共倒れ。",
"適当に物を食べ漁って、毒に当たってよく悶えてる。",
"ため息でたくさん。",
"頭が悪いのよ、あなたたち。",
"それでも馬鹿にできないのは、メヌエットのためだった。",
"それを弾いてくれないと、いつまで経っても踊れない。",
"仕方ないから我慢して、ずっとこうして眺めてる。",
"終わって、泣いて、悲しんで。",
"それでもずっと命を紡ぐ。",
"なにもしなくても勝手に進む。",
"その理屈がよく分からない。",
"そんなに悲しそうなのに、よく諦めないわね、あなたたち。",
"つまずいたってへこたれず、失ったって笑いあう。",
"そのくせどこか不満顔。",
"楽しいのか悲しいのか、結局どっちか分からない。",
"やっぱりどこか、くるってるのかしら。",
"じっとしばらく眺めていると、どんどん数が増えていった。",
"次第に頭も良くなって、ちょっとのことじゃ終わらなくなった。",
"丈夫な家や文字ができて。",
"そうして豊かになっていく。",
"よくやったと喜んで、はしゃいで思わず手を叩く。",
"この調子だと、ピアノだってもうすぐね。",
"そしたら後はどうだっていい。",
"前みたいに、気ままに回って嘲るわ。",
"そんないつかに心が躍る。",
"さあ、あとちょっとよと嘯いて。",
"割とあっさりピアノは出来た。",
"音楽だって普及した。",
"有象無象の音の響きが、今も世界を覆ってる。",
"だけど、どうしても。",
"メヌエットだけは流れてこない。",
"しばらく待っても流れないから、仕方がないと腰を上げた。",
"どこかに、弾けるやつをつくらないとね。",
"面倒だけど、仕方ないわ。",
"思えば、干渉するのは初めてだった。",
"ずっと眺めてきたものだから、どんなものかはわかってる。",
"適当なやつに音を聞かせて、弾けるように仕立てよう。",
"そうすれば、きっとなんとかなるでしょう。",
"観ていた世界に飛び込んだ。",
"そうしてひとつに溶け込んだ。",
"とりあえず、適当に。",
"目についたやつの所に向かう。",
"もちろん、ピアノを弾いてるやつの。",
"「あなた、メヌエットを弾いてくれない？もちろんちゃんと教えるから」",
"「わああ！え？誰？どこから？！」",
"第一印象はうるさいの。",
"声を掛けてやったのに、答えもせずに騒ぎ散らかす。",
"礼儀も何もないやつだった。",
"そういうの、大事にしていると思ってたけれど。",
"どっちにしろ、面倒ね。",
"「いや、何か答えてよ……黙ってられても困るんだけど」",
"「だから、メヌエットを弾いてって言ってるの」",
"「まずメヌエットって何……」",
"腹立たしいことに困惑した顔で、金色の髪をした男の子は呟いた。",
"つまるところ、それが出会い。",
"思った通りにいかなくて、滞って厄介だった。",
"「ええと、つまり君は神様みたいなもので、メヌエットってのを弾かせるために世界をつくったっていうの？」",
"「だから、そう言ってるじゃない。",
"どうでもいいわ。",
"さっさと弾いて」",
"「ご、強引すぎる」",
"「嫌なら、他のやつでもいいわ。",
"ここ、あなた以外に誰かいないの？」",
"「この家には他に誰もいやしないよ。",
"お父さんもお母さんも死んじゃったから、僕独りだ」",
"「ふうん、そうなの。",
"アテが外れた」",
"どうやら、来るところを間違えたらしい。",
"面倒くさい男の子。",
"その独りしかいないのでは話にならない。",
"他で良さそうな場所はあるかしら。",
"適当に選り好んでいた。",
"そんなとき、うっとうしくも声が割り込む。",
"「ねえ、メヌエットってどんな曲なの？」",
"「あら。",
"興味あるの、あなた」",
"「うん。",
"音楽、好きだから。",
"知らない曲は聞いてみたい」",
"「そう。",
"まあいいわ。",
"聞かせてあげる」",
"どいて。",
"そう言うと、何故だか微妙な顔をする。",
"男の子は座っていた椅子を譲り、ピアノを私に明け渡す。",
"ずっと世界を観るのにかまけていて、ピアノは長いこと弾いていなかったけれど、鍵盤に指を乗せると自然と弾ける気になるから、不思議。",
"指が動く。",
"白に跳ねて黒を圧す。",
"転がるように鍵盤は歌う。",
"音の名前はメヌエット。",
"私と同じ名を冠するもの。",
"一つたりとも誤らず、ピアノはその身を響かせる。",
"綺麗に線をなぞるが如く。",
"「はい、これがメヌエット」",
"「へぇ、いい曲。",
"なんだか、始まりと終わりを混ぜ合わせてしまったみたい。",
"だけど明るくて、僕は好きだ」",
"「じゃ、弾いてみて。",
"聞いてたでしょう、今の音？」",
"「無茶ぶり！できっこないよそんなこと。",
"君だって、すぐ弾けるようになったわけじゃないだろう？」",
"「……確かにそうね。",
"じゃあ、仕方ないから時間をあげる」",
"「ははは、そりゃどうも」",
"そう全然嬉しくない顔でひとつ笑う。",
"愛想笑いって、わけわからなくて気持ち悪いわ。",
"嘘っぽい。",
"そんなこんなで、彼に来る日も来る日も音を教える。",
"自由な時間は少なくて、わずかな時間ピアノに触れる。",
"働きずくめの疲れた体は、鍵盤だけが生きがいみたい。",
"そんな小さな体に詰め込むみたいに、メヌエットを与えていく。",
"いつか、流れ出すことに期待して。",
"「ねえトモダチって、一体何？あれ、よくわからないんだけど」",
"「あー、あれね。",
"残念だけど僕も知らない。",
"でも楽しいし、いいものらしいよ。",
"僕も欲しいんだ。",
"羨ましいね」",
"「そんなにいいものでもないと思うわ。",
"だってあれ、嘘ばっかり吐いてるんだもの。",
"ほんとのことなんてほとんどないわ」",
"「いいじゃない。",
"嘘を吐いてるってことは、大事なものがあるってことだ。",
"それを壊さないようにしてるのさ。",
"それってとっても、優しいことだ」",
"「ふうん。",
"やっぱり、よくわからない」",
"「いつかわかるさ。",
"それじゃ、今日はおやすみ」",
"おやすみなさいを返す代わりに、メヌエットを緩く弾く。",
"それはちょうど子守歌。",
"弾き終わる頃に寝息がすぅと引継ぎをして、夜はそうして深まってゆく。",
"それが習慣になっていく。",
"「ねえ、あなたたちってどうして生きてるの？結局終わりがあるのなら、どこで終わっても同じじゃない？」",
"「酷いこと聞くなぁ、君は。",
"……そうだね、きっと見つけたいものがあるんだ。",
"好きなものだったり、綺麗なものだったり、良いものだったり、もしかすると悪いものだったり。",
"何かを見つけて大事にしたくて、僕たちは宛てもなく、生きてるんだと思うんだ」",
"「それは、いつかあなたたちの手から零れ落ちるものよ。",
"ずっとは持っていられないわ。",
"それでも関係ないっていうの？」",
"「そうさ。",
"そんなのは関係ない。",
"いつか失って忘れるものでも、見つけたことには価値がある。",
"僕はそうやって信じてるんだ」",
"「信じるっていうのも、よくわからない。",
"それって全部、不確かで過度な期待じゃない？賢くないと思うわ、そういうの」",
"「僕は愚かなのって、そう悪いことじゃないと思う。",
"だって賢くちゃ出来ないことって、多いもの。",
"それじゃ、今日は寝るよ。",
"おやすみ」",
"「もうすぐ全部弾けるようになるかな、メヌエット。",
"あと少しだと思うんだけど」",
"「……まだまだよ。",
"あのとき聞かせたのは途中まで。",
"あなた、ちょっとの時間しか練習できないんだから、先は長いわ」",
"「そっか……じゃあもっと、頑張らないとね。",
"弾けるようになったら、やりたいことがあるんだ」",
"「そうなの。",
"私もあなたには早く弾けるようになって欲しいけれど……まあ、焦っても仕方ないわ。",
"地道にやるのが一番よ」",
"「確かにそれは間違いないね。",
"じゃあ、明日に備えてもう寝ることにする。",
"おやすみ」",
"「そういえば、僕と君って大体同じ歳になったよね。",
"や、体つきがだけど」",
"「そうね、目線がちょうど同じくらい。",
"随分と時間が経ったのね。",
"長く感じる。",
"こんなの、ひとりならあっという間なのに」",
"「えー、そうかな。",
"僕は君と出会ってから毎日凄く楽しくて、ここまであっという間だったけど」",
"「知らなかったのよ……時間が、こんなに長いものだなんて」",
"「知らないことだらけだよね、君って。",
"何でも知ってる風なのに、ちょっとおかしい」",
"「それは……！あなたたちが、おかしいだけよ」",
"「ごめんごめん、調子に乗っちゃった。",
"追いつけたみたいで嬉しかったんだ。",
"まだ身長だけだけど。",
"それじゃおやすみ、また明日」",
"「そういえばあなた、前に見つけたいものがあるとか言っていたけれど、何も探してないじゃない。",
"だったら、何のために生きているの？」",
"「ん？あ、あー。",
"昔したね、そんな話。",
"それはね、探すものじゃないからさ。",
"生きてる途中で自然と見つかるから、大切にしたくなるものなんだ」",
"「そういうもの。",
"でも、それなら見つからないこともあるでしょう。",
"それでもいいの？」",
"「いや、きっと見つかるさ。",
"目を閉じなければ、誰にでも。",
"それに、僕はもう見つけてるからね」",
"「へえ、そうなの。",
"意外だわ。",
"あなた、ずっと似たような毎日をしてるじゃない。",
"働きづくめ。",
"見つかるものなんて、たかが知れてると思ったけれど。",
"……それで、何を見つけたの」",
"「まあ、近すぎると気が付けないものもあるって話。",
"おやすみ」",
"「ちょっと、話は終わってないわ」",
"「僕の中では終わったの。",
"おやすみ」",
"「あなた、嘘を吐いたことってある？」",
"「そりゃあるよ。",
"くだらないことだけどね」",
"「なんで嘘なんて吐くの？思っていること、全部正直に話せばいいじゃない。",
"言わないと分からないことでいっぱいなんでしょう？そういうところもよくわからないのよね、あなたたちって」",
"「確かに正直なのは良いことさ。",
"だけど、それだけじゃやっていけないんだよ、僕たちは。",
"嘘にも色々種類があってだね。",
"例えばそれは人とやってくための噓、誰かを傷つけないための嘘、自分を騙すための嘘。",
"そういうのが無かったら、悲しくて生きていけないよ」",
"「……ずっと観てきたけれど、生きることって悲しいことよ。",
"誰も彼も、笑うより悲しそうな顔を多くしてたから。",
"それが嫌なら、向いていないわ」",
"「そのために、嘘があるんだ。",
"悲しいことがあったって、なんとか自分を騙すんだ。",
"そうして今日を誤魔化して、僕らは夜に眠るのさ」",
"「あなた、誕生日って知っている？」",
"「え、もちろん知ってるよ。",
"ひと月先に十六になるんだ、僕。",
"だからどうってわけないんだけど」",
"「そう、ならよかった。",
"誕生日にはパーティーをやるものなのでしょう？やってみたいわ、やりましょう」",
"「へえ、興味あるんだ。",
"珍しい。",
"くだらないとかつまらないとか、いつもみたいに言わないの？」",
"「あれはちょっと例外よ。",
"だって、誕生日のパーティーは嘘がなくて楽しそう。",
"前から少し、気になってたの」",
"「そっか。",
"じゃあやってみよう。",
"なんだか久しぶりな気がするよ。",
"お父さんもお母さんもいなくなってから、ずっとひとりだったもんなぁ」",
"「なら、その日は弾くのを止めにしましょう。",
"そうしないと、時間がないわ」",
"「えー。",
"練習は無くしていいけれど、僕、君が弾くのを聞きたいな。",
"寝る前聞かせてくれるけど、いつも眠りが先に来る。",
"あれって結構悔しくて、最後まで聞いてられないのが不満でさ。",
"君のがちゃんと聞けたなら、もっと上手くなれると思うんだけど」",
"「……仕方ないわね。",
"考えておく」",
"「ほんと？ありがとう。",
"君のピアノ、綺麗だからさ。",
"それが聞ければ、最高だ」",
"「誕生日のパーティーって、思っていたより普通の日ね。",
"何もかも、特別になるわけじゃない。",
"正直いくらか拍子抜け。",
"こんなの、よく楽しんでられるわね」",
"「ええ、楽しいじゃない。",
"まあ僕、あんまりお金とか持ってないから、豪華なことはできないけれど。",
"生まれた日を祝ってくれるやつがいるだけで、嬉しいし、楽しくなるのさ」",
"「そういうものかしら」",
"「うん。",
"そういうものなんだ……ねね、ほら。",
"早く弾いてよメヌエット」",
"「はぁ、わかったわよ。",
"今から弾くからしっかり聞いてなさい」",
"「もちろんだよ。",
"ああ、とっても楽しいな。",
"こんなに楽しいの、三人でピアノを弾いたときぶりだ」",
"「これで、こうね」",
"「うわあ、これまた難しい……ん。",
"でもこれでどう？」",
"「いいわね。",
"悪くないわ」",
"「じゃあこの続き、教えてよ」",
"「……もう、ないわ。",
"これでおしまい」",
"「え？本当？！じゃあ僕、これで弾けるようになったってことだ！」",
"「そうね。",
"一度通しで弾いてみなさい。",
"ここで聞いていてあげるから」",
"彼はふぅとひとつ息をついて。",
"鍵盤へと向き直る。",
"一拍おいて音が鳴る。",
"教えたとおりの音を奏でる。",
"つらつらと、水が低きに流れるように。",
"それが当然のことかの如く、メヌエットが世界に産声上げる。",
"ああ、このためにどれだけ時間をかけただろう。",
"嬉しくて嬉しくて。",
"知らず、にやけてしまいそう。",
"だってじっと待ったんだもの。",
"誰かが弾いてくれるまで。",
"ずっとずっと、流れ出すのを待っていた。",
"メヌエットは、しかと流れる。",
"それを身体で感じ取り、足を静かに動かした。",
"クルクルクルクル私は回る。",
"おかしなことをしてた気分。",
"遠回りに、また遠回りを重ねたわ。",
"だけど不思議と、心地いいのは、なんでかしら。",
"しなくていいことをしたのが初めてだから？ああ。",
"そういえば、嘘を吐いてみたのも、これが初めてだったわね。",
"どうでもいいかと思考を止める。",
"心のままに体は振れる。",
"ピアノ越しに彼が見ている。",
"たのしくて、ゆかいで、おもしろくって、とまらない。",
"それでも終わりはあるもので、曲はそろそろ終点に。",
"最後の一音をきちんと鳴らして、彼は恭しく頭を下げる。",
"それに合わせて動きを止めた。",
"「これにて、メヌエットは終わりです。",
"ご清聴、ありがとうございました」",
"誰かに向かって語り掛けるみたいにして。",
"彼はそうして曲を閉じた。",
"「それ、なあに？」",
"「お父さんとお母さんの真似。",
"これ、ずっとやりたかったんだ。",
"二人ともピアノを弾く人だったから、憧れで。",
"思ったより長い時間かかっちゃったけど、やっとできた」",
"笑う彼は疲れたように、手をぶらぶらと振っていた。",
"そこはかとない満足感に包まれて、顔を合わせて有頂天。",
"どっと肩の荷が下りた感じ。",
"「君、やっぱり綺麗だね。",
"くるくる回るだけで画になるなんて。",
"良いものを見た気分だ」",
"「そう、それはどういたしまして。",
"でも、あなたのピアノも良かったわ。",
"ありがとう」",
"「わ。",
"君がそんなこと言うなんて。",
"ますます良いものを見た気分。",
"今日はとっても良い日だな」",
"でも、とうとう理由が無くなった。",
"ここに居たのは、メヌエットがどこにも流れなかったから。",
"ここでの時間は、もう終わり。",
"「僕もう一回弾くからさ、君、さっきみたいに回ってよ。",
"出鱈目でだっていいからさ。",
"夜に映える、望月みたいな。",
"綺麗な君を見ていたいんだ」",
"「わかったけれど、これで最後。",
"メヌエットは流れたもの。",
"そろそろ戻って、また前みたいにしたいのよ」",
"「……そっか。",
"ああ、そうか。",
"そうだよね。",
"君も、いなくなって、しまうのか……。",
"うん、なら」",
"少しだけ、寂しそうな顔。",
"珍しい。",
"でもそれはすぐに見えなくなって、いつもの笑顔であなたは言った。",
"「最後には、とびきりのものを弾かなきゃね」",
"空から月が照らしてた。",
"光を浴びた晴れ舞台。",
"彼が奏でて私が躍る。",
"明かりはいたく上等で、爪の先まで際立たせる。",
"頭で跳ねるあなたの髪が、その分ちょっと不格好。",
"でも何より綺麗な金の髪は、私の密かなお気に入り。",
"だからかすべてが完璧で。",
"ひとつだって、不満はないわ。",
"「ねえ。",
"僕、毎日忘れず弾くからさ。",
"君、それをずっと聞いててくれよ」",
"指は滑らか。",
"足は軽やか。",
"刻むリズムは遥かに自由。",
"とびきりというに相応しい、笑えるくらいに楽しい時間。",
"長かった日々をここで締めくくる。",
"朝の日差しが追いつく前に。",
"そこで彼とはさようなら。",
"前と同じところへ戻る。",
"まあ、気が向いたら、また来るけれど。",
"ふうん。",
"前より面白いじゃない。",
"何かあったの、あなたたち。",
"再びずっと世界を観てる。",
"あくせく動く命を観てる。",
"それは前より面白い。",
"何も違わないはずなのに、どこか見どころが増えたみたい。",
"意味もないのに笑って泣いて。",
"価値もないのに比べて驕って。",
"そんな営みが面白い。",
"よくわからないけど、頑張ってるじゃない、あなたたち。",
"そんなに悪いものじゃないわね、これも。",
"ずっと観ていて飽きないわ。",
"前とは違う意味だけど。",
"愛想笑いや嘘吐きは、世界にけっこう溢れてる。",
"まあでもそれも一興だ。",
"仕方がないみたいだし。",
"無いとやってられないらしいから。",
"メヌエットは今も流れている。",
"いつの間に、世界に渡っていたみたい。",
"私の教えたひとつの曲は、そうして広く知られてた。",
"それは彼が弾いていたから。",
"ずっとひとりで弾いてたものが、より多くに知られたのでしょう。",
"名を馳せてったメヌエット。",
"でも、前よりそれを聞いてない。",
"それはこだわり。",
"日に一度流れる彼からのだけ、私は欠かさず聞いている。",
"他は全然聞いてない。",
"意味ないけれど、それでよかった。",
"クルクルクルクル私は回る。",
"気分が良くて止まりはしない。",
"世界を観ながら音を聞く。",
"そうして全てが楽しくなって、愉快に笑って時間が過ぎる。",
"分からないことは多いけど、醜いものは多いけど。",
"なんだか全部、無駄ではなくて。",
"どんな顔も何かに耐えて、何かを見つけたそうにしていると、そう感じてしまったから。",
"だからかずっと世界を観てる。",
"穏やかに慈しんで、前では有り得ないくらい。",
"なんだかそれって、素敵なことじゃないかしら。",
"そんな風にしていたあるとき。",
"ちょっと気に食わないことあって、前ぶりに世界へ潜る。",
"僅かに心を躍らせて。",
"ひとつ、とっておきの。",
"言いたいことも引き連れて。",
"「あなた寝過ぎよ。",
"最近、めっきり弾いてないじゃない。",
"前まで毎日弾いていたのに。",
"つまらないわ」",
"「あ、れ？……やあ、君か。",
"久しぶり。",
"もう会えないかと、思っていたよ」",
"私がかつて教えた彼は、白いベッドで上体だけ起こして、こちらを見た。",
"目を細めて、眩しいものを見ているみたいな、そんな不思議な顔をして。",
"「僕のピアノ、ずっと聞いてくれてたかい？寒い冬の日も、暑い夏の日も、ずっと弾くよう頑張ったんだけど」",
"「もちろん全部聞いてたわ。",
"聞いていたからここに来たの。",
"だって、途切れちゃったから。",
"怠惰すぎるのはいただけないわ。",
"毎日弾くって言ってたの、もう忘れてしまったの？」",
"「……そっか。",
"ずっと聞いてて、くれたのか。",
"だから、今来てくれたのか。",
"ああ、なら……なら、よかった。",
"不安だったから。",
"ずっと」",
"そんなの、当たり前じゃない。",
"言うと、彼は本当に何か眩しいものでも見ていたのか、両手で目元を覆ってしまう。",
"それでしばらく黙りこくる。",
"微妙に噛み合ってないような会話。",
"ちょっぴりムッとしそうだけれど、なんでか心は飛び跳ねて、嬉しい気持ちが泡立って。",
"だから、許してあげることにした。",
"まあ、あなただし、特別ね。",
"「ねえ、せっかく来てくれたんだし、連弾しようよ。",
"一曲さ。",
"君が左で、僕が右」",
"「やったこと、ないけれど……いいわ。",
"なんだか楽しそう」",
"彼はのっそり立ち上がり、ゆっくりピアノの方へ行く。",
"途中で何かを落としたみたい。",
"ポタポタ滴る透明が、狭く床を濡らしてた。",
"それはキラキラ輝いて、眩しいくらいに光を放つ。",
"「あなた、もしかして泣いているの？どうして？涙って、悲しいときに流すもののはずでしょう」",
"「そうだった。",
"君は知らないことばかりだったね、懐かしい。",
"涙はね、嬉しいときにも流れるものさ。",
"それにこれは、きっと音を良くしてくれる」",
"触れ合うくらいに近づいた。",
"すうと息を吸って直後。",
"指が沈んだのは同時。",
"それは合図。",
"立派なピアノが目を覚まし、遅れることなく音は伴う。",
"私が左で彼が右。",
"片手二つは歪にあらず、いっそ調和を生み出して。",
"とめどなく、流れておいてよメヌエット。",
"思い出話を飾るくらいに。",
"「そうだ。",
"僕にも出来たんだよ、友達。",
"たくさんね」",
"「へえ、そうなの。",
"私、未だに分かっていないのよ。",
"どんなものだった？トモダチって」",
"「そうだな。",
"昔考えていたほど素晴らしいものではなかったよ。",
"面倒なことは多くあったし、離れてしまったやつもいた。",
"でもね、あれは必要なものだ。",
"気が合うやつは大切で、喧嘩できるやつはもっと大切。",
"完璧ではないけれど、それは誰だって同じだから。",
"支えあってく友達って、宝物みたいなものだった」",
"「あ、そうそう。",
"メヌエット、けっこう広まっているでしょ、いろんなとこで。",
"ずっとこれだけ弾いてたら、なんだか人気になっちゃって。",
"これがきっかけで、いろんな人とも知り合えた」",
"「あれにはちょっと驚いたわ。",
"こんなに世界に巡るなんて。",
"嬉しいけれど照れくさい。",
"元は、私とあなたしか知らなかったのにね」",
"「そうだねぇ。",
"そういえば僕、他には曲を知らないんだ。",
"この曲ばかり弾いていたから。",
"なんだか少し変だよね」",
"「いいじゃない。",
"きっと、この曲が一番よ。",
"だから十分。",
"それに、私も知らないし。",
"お揃いね」",
"「うん、それは間違いないな。",
"そうだ聞いてよ。",
"僕、この曲だけ弾けるピアニストなんだ。",
"父さんと母さんと、二人と同じピアニスト。",
"ずっと昔からの夢だったけど、ちゃんと叶えてみせたんだ。",
"……あれ、僕の夢のこと、昔の君に言ってたっけ？」",
"「ちゃんと前に聞いていたわ。",
"夢はピアニストだってことくらい。",
"その理由だって覚えてる。",
"あの家に大きなピアノがあったのも、あなたがそれを夢見たのも、親がピアニストだったから。",
"違う？」",
"「そうそう、よく覚えてくれてたね。",
"そうだった、たくさんたくさん話したもんね。",
"そんなことくらい、喋っていたか。",
"なんだか、すべてが懐かしい」",
"指はそのまま。",
"視線は彷徨う。",
"彼はいつかの過去をみて、私はピアノの傷を見る。",
"どこか懐かしいと思えば、寂れたピアノは前のと同じ。",
"「ピアノ、同じの使っているのね。",
"けっこう古いものだから、すぐに換えるかと思っていたわ」",
"「当たり前だよ。",
"君と弾いたピアノだもの。",
"換えるなんて有り得ない。",
"このピアノもこの曲も、どちらも大事な僕の宝物」",
"「そう言われると、悪い気はしないわ。",
"考えてみれば、この曲は私にとっても宝物って言えるかも」",
"「じゃあ、そこもお揃いだ。",
"それにね。",
"僕の人生には、いつだってこの曲が傍にあった。",
"苦しいことも悲しいことも、だから乗り越えられたんだ。",
"君が教えてくれた音。",
"そのひとつひとつが僕を象る。",
"まるで存在そのものに、編み込まれているみたいに。",
"だから――」",
"一瞬だけ言葉を区切る。",
"噛み締めるような僅かな余韻。",
"いとも綺麗な旋律が、その隙間から溢れてる。",
"「――僕の命の奥からは、メヌエットが聞こえるはずさ」",
"なんてね。",
"いたずらっぽく彼は笑う。",
"くしゃっとした、柔らかさ。",
"会話と音楽。",
"相反する二つの響きは不協な音色に成り得ない。",
"長いようで、短くて。",
"短いようで長い時間。",
"ふたりで弾いた音楽は、いつものよりかお気に入り。",
"夢中になって弾き浸る。",
"目に映るのは流麗な指。",
"彼のそれは前とは比べ物にならないほどで、なぜだか誇らしくなった。",
"そうだった。",
"ずっと弾いていたんだものね、あなた。",
"私ほどではないけれど、しっかり上手になってるじゃない。",
"嬉しいわ。",
"「ひとつ、お願いがあるんだ。",
"どうかな、聞いてくれる？」",
"「仕方ないわね。",
"聞いてあげるから、話してみなさい」",
"「あのさ……ずっとずっと、忘れないで。",
"僕と話したすべてのこと、君と弾いたすべての音。",
"それを全部余さずに、憶えておいて欲しいんだ。",
"思い出すことがなくてもいい。",
"ただ、君の中に残しておいて。",
"いつまでも、君には。",
"君だけには、憶えておいて、もらいたくて」",
"「わかったわ、簡単よ。",
"憶えておけばいいだけなんて、変なお願い」",
"耳に入るのはメヌエット。",
"目に入るのは指捌き。",
"私がいつか教えたもの。",
"それを捉えて薄く微笑む。",
"だからとは言わないけれど、私は彼の願いを聞いた。",
"ああ、こうしているだけで気分が良いわ。",
"酔うように、微睡むように。",
"耳は傾き目は奪われる。",
"「ああ……なら、安心だ。",
"最期に会えて、よかったよ」",
"「そんなに会いに来て欲しいなら、またちょっとしたら来てあげるわよ。",
"あなたと話すの、私はそんなに嫌いじゃないし」",
"見落とした。",
"「これで、未練も無くなった……。",
"思い残すことなんて、なにひとつだって、ありはしない……ほんとうの、ほんとうに。",
"良い人生、だったとも」",
"聞こえていたはずなのに。",
"「声、小さくて聞き取りにくいわ。",
"もっと大きな声で話してくれる？」",
"大事なことには、気が付けないまま。",
"「ねえ……ありがとう……傍にいてくれて、教えてくれて………」",
"「ちょっと。",
"重いわ、寄りかからないで」",
"「………ずっと……楽しかったんだ…………幸せだった…………」",
"「それに、声が小さいって言ってるじゃない」",
"――さようなら、メヌエット。",
"ちっぽけかもしれないけれど、とても幸せな人生でした。",
"「手も止まってる。",
"せっかくいいところだったのに、これじゃ台無し。",
"どうしちゃった、の……………………？」",
"ねえ。",
"声をかけても、返ってこない。",
"寄りかかったあなたは重い。",
"カラダに力が入っていない。",
"熱が、するすると。",
"抜けていってしまう。",
"動かない。",
"なんで？そこでやっと気が付いた。",
"今まで、浮かれてしまっていたからだ。",
"話す時間は楽しくて、嬉しくて、舞い上がって、見えなくなっていたからだ。",
"命に決まりがあることを。",
"私はようやく、思い出す。",
"綺麗な金色の髪はどこにもない。",
"抜け落ちて白になった。",
"張りのあった肌はどこにもない。",
"皺くちゃに枯れている。",
"輝いていた双眸はどこにもない。",
"既に閉じてしまっている。",
"私を見ていた命はどこにもない。",
"どこにも、いなくなった。",
"もう、なにもない。",
"え、え、え、え……え？待って。",
"ちょっとでいいから。",
"ほんの少しだけでもいいから、時間をちょうだい。",
"まだ、言ってなかったことが、あったのよ。",
"それくらい、聞いていってよ。",
"お願いよ。",
"私、まだ言えてない。",
"あなたにひとつ、嘘を吐いていたこと。",
"本当は、メヌエットって、もっと短い曲だったの。",
"今みたいに、一度弾いただけで疲れちゃうような曲じゃ、なかったのよ。",
"声は無意味に虚空に響く。",
"主を亡くしたピアノが軋む。",
"でもあなたとお喋りするの、存外楽しかったから。",
"途中から私が好きな音を付け加えて、つくって、引き伸ばして、繰り返して、整頓して、編んでいったの。",
"メヌエットという曲を。",
"まだ終わらないのってあなたの声に嘘を返して、ずっと続けばいいなって。",
"そう思いながら。",
"私、メヌエットを創りながら、あなたに教えていたのよ、知ってた？その問いに答える者はいない。",
"開け放された窓から入ってきた風で、ベッドの上に遺された手書きの楽譜が、サラサラと。",
"捲れて、閉じた。",
"言いたかった、のに。",
"それを知ったとき、あなた、どんな顔するんだろうって。",
"ずっと、ずっと楽しみにしていたのに。",
"とっておきだったのに。",
"怒るかもなってちょっぴり恐れて。",
"笑うかもなって期待して。",
"喜んでくれるかもって、願っていたのに。",
"安定を失ったカラダはいつの間にかずれ落ちて、離れてしまう。",
"ドサ。",
"音。",
"それだけ。",
"――ああ、そっか。",
"あなた、終わってしまったのね。",
"なにもない。",
"けれどそこにあるのは、疑いようもない終わり。",
"ふうん、そう。",
"そうなのね。",
"そうなのね、そうなのね。",
"まあ命ってそういうものだし。",
"これも別におかしくないわ。",
"大丈夫よ、大丈夫。",
"問題なんて、あるはずないじゃない。",
"命が終わるところなんて、何度も観てきたはずだもの。",
"悲しむなんて有り得ない。",
"錯覚よ。",
"いつもと同じに戻るだけ。",
"今はちょっと、びっくりしたの。",
"それだけよ。",
"指先が震えて止まらないのなんて、すぐに収まってくれるはず。",
"そうよ、すぐに収まるわ。",
"大したことでは、ない。",
"ないのだし。",
"それは嘘。",
"真っ赤な欺瞞。",
"あまりに拙い防波堤。",
"――零れた。",
"無理よ、こんなの。",
"耐えられるわけ、ないわ。",
"だって。",
"だって言わなかったじゃない、終わるなんて。",
"おかしいわ。",
"おかしいわよ。",
"こんなに悲しくなるのも、それを知ってたはずのあなたも。",
"あれ。",
"わからない。",
"なんで。",
"こんなにわけがわからなくなるの。",
"ねえお願いよ嘘って言って。",
"もうそれは嫌いじゃないから。",
"嘘を吐いてたって怒らないから。",
"どうしていいかわからないの。",
"こういうとき、どうしたらいいの。",
"ねえ、教えてよ。",
"答えて。",
"知っていたはずだったわ。",
"終わりがあることなんて。",
"でもこんなの知らない。",
"突き刺さるような痛みも、欠けたような空白も。",
"こんなことってあっていいの？こんな絶望って抱えてられる？あああ、ああああああ。",
"だって、もう会えないんでしょう。",
"もう話せないんでしょう。",
"もう弾けないんでしょう。",
"もう、どこにもいないんでしょう。",
"いない。",
"あああああああああ。",
"理解なんて、したくない。",
"あなたこれを知っていたの？あなたこれを抱えていたの？こんなものが決まっていながら、命ってみんな生きてるの？あんなに楽しそうだったじゃない。",
"最期まで普通だったじゃない。",
"怖くなかったの？泣き出したくなかったの？だってそうよ。",
"私より、何より。",
"一番つらいの、あなたのはずでしょう？なんで。",
"こんな。",
"悲しいことがあると知って、今まで生きていられたの。",
"ねえ、答えてってば。",
"涙か何か。",
"流れて止まらないそれは、世界をぼやかし滲ませる。",
"終わる。",
"終わった。",
"終。",
"不可逆。",
"クルクルクルクル世界は廻る。",
"何もせずとも勝手に巡る。",
"停まらずいつも終わりへ向かう。",
"それを、観ている。",
"呆然と。",
"何の為かもわからぬままに。",
"やめて。",
"終わって、泣いて、悲しんで。",
"なんのそのと顔を上げてる。",
"全て知ってた命たち。",
"それでも意味なく足を動かす。",
"いくつもいくつも踏み越えて、終わりに立ち向かっている。",
